Archive member included to satisfy reference by file (symbol)

app/libapp.a(main.c.obj)      (--whole-archive)
app/libapp.a(test_module.c.obj)
                              (--whole-archive)
app/libapp.a(dynamic_cmd.c.obj)
                              (--whole-archive)
app/libapp.a(qsort.c.obj)     (--whole-archive)
zephyr/libzephyr.a(fnmatch.c.obj)
                              (--whole-archive)
zephyr/libzephyr.a(crc32_sw.c.obj)
                              (--whole-archive)
zephyr/libzephyr.a(crc16_sw.c.obj)
                              (--whole-archive)
zephyr/libzephyr.a(crc8_sw.c.obj)
                              (--whole-archive)
zephyr/libzephyr.a(crc7_sw.c.obj)
                              (--whole-archive)
zephyr/libzephyr.a(dec.c.obj)
                              (--whole-archive)
zephyr/libzephyr.a(fdtable.c.obj)
                              (--whole-archive)
zephyr/libzephyr.a(hex.c.obj)
                              (--whole-archive)
zephyr/libzephyr.a(mempool.c.obj)
                              (--whole-archive)
zephyr/libzephyr.a(notify.c.obj)
                              (--whole-archive)
zephyr/libzephyr.a(printk.c.obj)
                              (--whole-archive)
zephyr/libzephyr.a(onoff.c.obj)
                              (--whole-archive)
zephyr/libzephyr.a(rb.c.obj)  (--whole-archive)
zephyr/libzephyr.a(sem.c.obj)
                              (--whole-archive)
zephyr/libzephyr.a(thread_entry.c.obj)
                              (--whole-archive)
zephyr/libzephyr.a(timeutil.c.obj)
                              (--whole-archive)
zephyr/libzephyr.a(work_q.c.obj)
                              (--whole-archive)
zephyr/libzephyr.a(heap.c.obj)
                              (--whole-archive)
zephyr/libzephyr.a(heap-validate.c.obj)
                              (--whole-archive)
zephyr/libzephyr.a(ring_buffer.c.obj)
                              (--whole-archive)
zephyr/libzephyr.a(configs.c.obj)
                              (--whole-archive)
zephyr/libzephyr.a(soc.c.obj)
                              (--whole-archive)
zephyr/libzephyr.a(power.c.obj)
                              (--whole-archive)
zephyr/libzephyr.a(validate_base_addresses.c.obj)
                              (--whole-archive)
zephyr/libzephyr.a(validate_enabled_instances.c.obj)
                              (--whole-archive)
zephyr/libzephyr.a(log_list.c.obj)
                              (--whole-archive)
zephyr/libzephyr.a(log_core.c.obj)
                              (--whole-archive)
zephyr/libzephyr.a(log_msg.c.obj)
                              (--whole-archive)
zephyr/libzephyr.a(log_output.c.obj)
                              (--whole-archive)
zephyr/libzephyr.a(log_cmds.c.obj)
                              (--whole-archive)
zephyr/libzephyr.a(kernel_service.c.obj)
                              (--whole-archive)
zephyr/libzephyr.a(device_service.c.obj)
                              (--whole-archive)
zephyr/libzephyr.a(date_service.c.obj)
                              (--whole-archive)
zephyr/libzephyr.a(shell.c.obj)
                              (--whole-archive)
zephyr/libzephyr.a(shell_fprintf.c.obj)
                              (--whole-archive)
zephyr/libzephyr.a(shell_utils.c.obj)
                              (--whole-archive)
zephyr/libzephyr.a(shell_ops.c.obj)
                              (--whole-archive)
zephyr/libzephyr.a(shell_uart.c.obj)
                              (--whole-archive)
zephyr/libzephyr.a(shell_help.c.obj)
                              (--whole-archive)
zephyr/libzephyr.a(shell_cmds.c.obj)
                              (--whole-archive)
zephyr/libzephyr.a(shell_history.c.obj)
                              (--whole-archive)
zephyr/libzephyr.a(shell_log_backend.c.obj)
                              (--whole-archive)
zephyr/libzephyr.a(shell_wildcard.c.obj)
                              (--whole-archive)
zephyr/libzephyr.a(power.c.obj)
                              (--whole-archive)
zephyr/libzephyr.a(policy_residency.c.obj)
                              (--whole-archive)
zephyr/libzephyr.a(uart_console.c.obj)
                              (--whole-archive)
zephyr/libzephyr.a(nrf_power_clock.c.obj)
                              (--whole-archive)
zephyr/libzephyr.a(sys_clock_init.c.obj)
                              (--whole-archive)
zephyr/libzephyr.a(nrf_rtc_timer.c.obj)
                              (--whole-archive)
zephyr/libzephyr.a(nrf_cc310_platform_abort_zephyr.c.obj)
                              (--whole-archive)
zephyr/libzephyr.a(nrf_cc310_platform_mutex_zephyr.c.obj)
                              (--whole-archive)
zephyr/arch/common/libarch__common.a(isr_tables.c.obj)
                              (--whole-archive)
zephyr/arch/common/libarch__common.a(sw_isr_common.c.obj)
                              (--whole-archive)
zephyr/arch/arch/arm/core/aarch32/libarch__arm__core__aarch32.a(swap.c.obj)
                              (--whole-archive)
[...]
Memory Configuration

Name             Origin             Length             Attributes
FLASH            0x0000000000000000 0x0000000000100000 xr
SRAM             0x0000000020000000 0x0000000000010000 xw
IDT_LIST         0x0000000020010000 0x0000000000000800 xw
*default*        0x0000000000000000 0xffffffffffffffff

Linker script and memory map

LOAD zephyr/CMakeFiles/zephyr_final.dir/misc/empty_file.c.obj
LOAD zephyr/CMakeFiles/zephyr_final.dir/isr_tables.c.obj
                0x0000000000000020                _region_min_align = 0x20

.rel.plt        0x0000000000000000        0x0
 *(SORT_BY_ALIGNMENT(.rel.plt))
                [!provide]                        PROVIDE (__rel_iplt_start = .)
 *(SORT_BY_ALIGNMENT(.rel.iplt))
 .rel.iplt      0x0000000000000000        0x0 zephyr/CMakeFiles/zephyr_final.dir/isr_tables.c.obj
                [!provide]                        PROVIDE (__rel_iplt_end = .)

.rela.plt       0x0000000000000000        0x0
 *(SORT_BY_ALIGNMENT(.rela.plt))
                [!provide]                        PROVIDE (__rela_iplt_start = .)
 *(SORT_BY_ALIGNMENT(.rela.iplt))
                [!provide]                        PROVIDE (__rela_iplt_end = .)

.rel.dyn
 *(SORT_BY_ALIGNMENT(.rel.*))

.rela.dyn
 *(SORT_BY_ALIGNMENT(.rela.*))

/DISCARD/
 *(SORT_BY_ALIGNMENT(.plt))
 *(SORT_BY_ALIGNMENT(.iplt))
 *(SORT_BY_ALIGNMENT(.got.plt))
 *(SORT_BY_ALIGNMENT(.igot.plt))
 *(SORT_BY_ALIGNMENT(.got))
 *(SORT_BY_ALIGNMENT(.igot))
 *(SORT_BY_ALIGNMENT(.irq_info))
 *(SORT_BY_ALIGNMENT(.intList))
 *(SORT_BY_ALIGNMENT(.note.GNU-stack))
                0x0000000000000000                _image_rom_start = 0x0

rom_start       0x0000000000000000      0x144
                0x0000000000000000                . = 0x0
                0x0000000000000000                . = ALIGN (0x4)
                0x0000000000000000                _vector_start = .
 *(SORT_BY_ALIGNMENT(.exc_vector_table))
 *(SORT_BY_ALIGNMENT(.exc_vector_table.*))
 .exc_vector_table._vector_table_section
                0x0000000000000000       0x40 zephyr/arch/arch/arm/core/aarch32/cortex_m/libarch__arm__core__aarch32__cortex_m.a(vector_table.S.obj)
                0x0000000000000000                _vector_table
 *(SORT_BY_ALIGNMENT(.gnu.linkonce.irq_vector_table))
 .gnu.linkonce.irq_vector_table
                0x0000000000000040      0x104 zephyr/CMakeFiles/zephyr_final.dir/isr_tables.c.obj
                0x0000000000000040                _irq_vector_table
 *(SORT_BY_ALIGNMENT(.vectors))
                0x0000000000000144                _vector_end = .
 *(SORT_BY_ALIGNMENT(.openocd_dbg))
 *(SORT_BY_ALIGNMENT(.openocd_dbg.*))

text            0x0000000000000148     0xa5b2
                0x0000000000000148                _image_text_start = .
 *(SORT_BY_ALIGNMENT(.text))
 .text          0x0000000000000148       0xa0 /home/nejc/gnuarmemb/bin/../lib/gcc/arm-none-eabi/9.2.1/thumb/v8-m.main/nofp/libgcc.a(_aeabi_ldivmod.o)
                0x0000000000000148                __aeabi_ldivmod
 .text          0x00000000000001e8       0x30 /home/nejc/gnuarmemb/bin/../lib/gcc/arm-none-eabi/9.2.1/thumb/v8-m.main/nofp/libgcc.a(_aeabi_uldivmod.o)
                0x00000000000001e8                __aeabi_uldivmod
 .text          0x0000000000000218      0x2c8 /home/nejc/gnuarmemb/bin/../lib/gcc/arm-none-eabi/9.2.1/thumb/v8-m.main/nofp/libgcc.a(_udivmoddi4.o)
                0x0000000000000218                __udivmoddi4
 .text          0x00000000000004e0        0x4 /home/nejc/gnuarmemb/bin/../lib/gcc/arm-none-eabi/9.2.1/thumb/v8-m.main/nofp/libgcc.a(_dvmd_tls.o)
                0x00000000000004e0                __aeabi_ldiv0
                0x00000000000004e0                __aeabi_idiv0
 *(SORT_BY_ALIGNMENT(.text.*))
 *fill*         0x00000000000004e4        0x4 
 .text.clock_settime
                0x00000000000004e8       0x94 zephyr/lib/posix/liblib__posix.a(clock.c.obj)
                0x00000000000004e8                clock_settime
 .text.timer_expired_handler
                0x000000000000057c       0x3c app/libapp.a(main.c.obj)
                0x000000000000057c                timer_expired_handler
 .text.cmd_demo_ping
                0x00000000000005b8       0x14 app/libapp.a(main.c.obj)
 .text.cmd_demo_params
                0x00000000000005cc       0x44 app/libapp.a(main.c.obj)
 .text.cmd_version
                0x0000000000000610       0x18 app/libapp.a(main.c.obj)
 .text.cmd_demo_hexdump
                0x0000000000000628       0x50 app/libapp.a(main.c.obj)
 .text.cmd_power
                0x0000000000000678       0x88 app/libapp.a(main.c.obj)
 .text.cmd_adc  0x0000000000000700       0x44 app/libapp.a(main.c.obj)
 .text.cmd_jtag
                0x0000000000000744       0x64 app/libapp.a(main.c.obj)
 .text.cmd_led  0x00000000000007a8       0x6c app/libapp.a(main.c.obj)
 .text.cmd_log_test_stop
                0x0000000000000814       0x20 app/libapp.a(main.c.obj)
 .text.cmd_log_test_start_demo
                0x0000000000000834       0x2c app/libapp.a(main.c.obj)
 .text.cmd_log_test_start_flood
                0x0000000000000860       0x2c app/libapp.a(main.c.obj)
 .text.cmd_reset
                0x000000000000088c       0x44 app/libapp.a(main.c.obj)
 .text.foo      0x00000000000008d0       0x78 app/libapp.a(test_module.c.obj)
                0x00000000000008d0                foo
 .text.dynamic_cmd_get
                0x0000000000000948       0x30 app/libapp.a(dynamic_cmd.c.obj)
 .text.cmd_dynamic_show
                0x0000000000000978       0x64 app/libapp.a(dynamic_cmd.c.obj)
 .text.cmd_dynamic_execute
                0x00000000000009dc       0x6c app/libapp.a(dynamic_cmd.c.obj)
 .text.cmd_dynamic_remove
                0x0000000000000a48       0x9c app/libapp.a(dynamic_cmd.c.obj)
 .text.cmd_dynamic_add
                0x0000000000000ae4       0xd0 app/libapp.a(dynamic_cmd.c.obj)
 .text._printk_dec_ulong
                0x0000000000000bb4       0x9c zephyr/libzephyr.a(printk.c.obj)
 .text.__printk_hook_install
                0x0000000000000c50        0xc zephyr/libzephyr.a(printk.c.obj)
                0x0000000000000c50                __printk_hook_install
 .text.z_vprintk
                0x0000000000000c5c      0x328 zephyr/libzephyr.a(printk.c.obj)
                0x0000000000000c5c                z_vprintk
 .text.vsnprintk
                0x0000000000000f84       0x28 zephyr/libzephyr.a(printk.c.obj)
                0x0000000000000f84                vsnprintk
 .text.timeutil_timegm64
                0x0000000000000fac      0x104 zephyr/libzephyr.a(timeutil.c.obj)
                0x0000000000000fac                timeutil_timegm64
 .text.nordicsemi_nrf91_init
                0x00000000000010b0       0x28 zephyr/libzephyr.a(soc.c.obj)
 .text.arch_busy_wait
                0x00000000000010d8       0x14 zephyr/libzephyr.a(soc.c.obj)
                0x00000000000010d8                arch_busy_wait
 .text.enable_logger
                0x00000000000010ec       0x5c zephyr/libzephyr.a(log_core.c.obj)
 .text.log_process_thread_timer_expiry_fn
                0x0000000000001148        0xc zephyr/libzephyr.a(log_core.c.obj)
 .text.log_core_init
                0x0000000000001154       0x74 zephyr/libzephyr.a(log_core.c.obj)
                0x0000000000001154                log_core_init
 .text.dropped_notify
                0x00000000000011c8       0x44 zephyr/libzephyr.a(log_core.c.obj)
                0x00000000000011c8                dropped_notify
 .text.log_dropped
                0x000000000000120c       0x18 zephyr/libzephyr.a(log_core.c.obj)
                0x000000000000120c                log_dropped
 .text.log_source_name_get
                0x0000000000001224       0x1c zephyr/libzephyr.a(log_core.c.obj)
                0x0000000000001224                log_source_name_get
 .text.z_impl_log_filter_set
                0x0000000000001240       0xa4 zephyr/libzephyr.a(log_core.c.obj)
                0x0000000000001240                z_impl_log_filter_set
 .text.backend_filter_set
                0x00000000000012e4       0x30 zephyr/libzephyr.a(log_core.c.obj)
 .text.log_backend_enable
                0x0000000000001314       0x40 zephyr/libzephyr.a(log_core.c.obj)
                0x0000000000001314                log_backend_enable
 .text.log_init
                0x0000000000001354       0x4c zephyr/libzephyr.a(log_core.c.obj)
                0x0000000000001354                log_init
 .text.log_filter_get
                0x00000000000013a0       0x2c zephyr/libzephyr.a(log_core.c.obj)
                0x00000000000013a0                log_filter_get
 .text.log_strdup
                0x00000000000013cc       0x64 zephyr/libzephyr.a(log_core.c.obj)
                0x00000000000013cc                log_strdup
 .text.log_is_strdup
                0x0000000000001430       0x1c zephyr/libzephyr.a(log_core.c.obj)
                0x0000000000001430                log_is_strdup
 .text.z_impl_log_process
                0x000000000000144c      0x19c zephyr/libzephyr.a(log_core.c.obj)
                0x000000000000144c                z_impl_log_process
 .text.msg_finalize
                0x00000000000015e8       0xbc zephyr/libzephyr.a(log_core.c.obj)
 .text.log_process_thread_func
                0x00000000000016a4       0x48 zephyr/libzephyr.a(log_core.c.obj)
 .text.z_impl_log_panic
                0x00000000000016ec       0x48 zephyr/libzephyr.a(log_core.c.obj)
                0x00000000000016ec                z_impl_log_panic
 .text.log_free
                0x0000000000001734       0x2c zephyr/libzephyr.a(log_core.c.obj)
                0x0000000000001734                log_free
 .text.log_msg_pool_init
                0x0000000000001760       0x14 zephyr/libzephyr.a(log_msg.c.obj)
                0x0000000000001760                log_msg_pool_init
 .text.log_msg_no_space_handle
                0x0000000000001774       0x30 zephyr/libzephyr.a(log_msg.c.obj)
                0x0000000000001774                log_msg_no_space_handle
 .text.log_msg_chunk_alloc
                0x00000000000017a4       0x28 zephyr/libzephyr.a(log_msg.c.obj)
                0x00000000000017a4                log_msg_chunk_alloc
 .text.msg_free
                0x00000000000017cc       0x7c zephyr/libzephyr.a(log_msg.c.obj)
 .text.print_formatted
                0x0000000000001848       0x24 zephyr/libzephyr.a(log_output.c.obj)
 .text.prefix_print
                0x000000000000186c      0x11c zephyr/libzephyr.a(log_output.c.obj)
 .text.postfix_print
                0x0000000000001988       0x3c zephyr/libzephyr.a(log_output.c.obj)
 .text.hexdump_line_print
                0x00000000000019c4       0xdc zephyr/libzephyr.a(log_output.c.obj)
 .text.log_output_msg_process
                0x0000000000001aa0       0xf8 zephyr/libzephyr.a(log_output.c.obj)
                0x0000000000001aa0                log_output_msg_process
 .text.log_output_dropped_process
                0x0000000000001b98       0x54 zephyr/libzephyr.a(log_output.c.obj)
                0x0000000000001b98                log_output_dropped_process
 .text.log_output_timestamp_freq_set
                0x0000000000001bec       0x30 zephyr/libzephyr.a(log_output.c.obj)
                0x0000000000001bec                log_output_timestamp_freq_set
 .text.severity_lvl_get
                0x0000000000001c1c       0x24 zephyr/libzephyr.a(log_cmds.c.obj)
 .text.backend_name_get
                0x0000000000001c40       0x30 zephyr/libzephyr.a(log_cmds.c.obj)
 .text.cmd_log_backends_list
                0x0000000000001c70       0x60 zephyr/libzephyr.a(log_cmds.c.obj)
 .text.log_status
                0x0000000000001cd0       0xac zephyr/libzephyr.a(log_cmds.c.obj)
 .text.module_name_get
                0x0000000000001d7c       0x20 zephyr/libzephyr.a(log_cmds.c.obj)
 .text.shell_backend_cmd_execute
                0x0000000000001d9c       0x78 zephyr/libzephyr.a(log_cmds.c.obj)
 .text.cmd_log_backend_status
                0x0000000000001e14       0x10 zephyr/libzephyr.a(log_cmds.c.obj)
 .text.cmd_log_backend_halt
                0x0000000000001e24        0xc zephyr/libzephyr.a(log_cmds.c.obj)
 .text.cmd_log_backend_go
                0x0000000000001e30        0xc zephyr/libzephyr.a(log_cmds.c.obj)
 .text.cmd_log_backend_enable
                0x0000000000001e3c        0xc zephyr/libzephyr.a(log_cmds.c.obj)
 .text.cmd_log_backend_disable
                0x0000000000001e48        0xc zephyr/libzephyr.a(log_cmds.c.obj)
 .text.shell_state_precheck
                0x0000000000001e54       0x20 zephyr/libzephyr.a(log_cmds.c.obj)
 .text.filters_set
                0x0000000000001e74       0xd0 zephyr/libzephyr.a(log_cmds.c.obj)
 .text.log_enable
                0x0000000000001f44       0x60 zephyr/libzephyr.a(log_cmds.c.obj)
 .text.cmd_kernel_version
                0x0000000000001fa4       0x2c zephyr/libzephyr.a(kernel_service.c.obj)
 .text.cmd_kernel_uptime
                0x0000000000001fd0       0x34 zephyr/libzephyr.a(kernel_service.c.obj)
 .text.cmd_kernel_threads
                0x0000000000002004       0x38 zephyr/libzephyr.a(kernel_service.c.obj)
 .text.cmd_kernel_stacks
                0x000000000000203c       0x5c zephyr/libzephyr.a(kernel_service.c.obj)
 .text.shell_tdata_dump
                0x0000000000002098       0xbc zephyr/libzephyr.a(kernel_service.c.obj)
 .text.cmd_kernel_cycles
                0x0000000000002154       0x1c zephyr/libzephyr.a(kernel_service.c.obj)
 .text.shell_stack_dump
                0x0000000000002170       0x68 zephyr/libzephyr.a(kernel_service.c.obj)
 .text.cmd_device_list
                0x00000000000021d8       0x54 zephyr/libzephyr.a(device_service.c.obj)
 .text.device_get_config_level
                0x000000000000222c       0x38 zephyr/libzephyr.a(device_service.c.obj)
 .text.cmd_device_levels
                0x0000000000002264       0x94 zephyr/libzephyr.a(device_service.c.obj)
 .text.date_print
                0x00000000000022f8       0x30 zephyr/libzephyr.a(date_service.c.obj)
 .text.get_h_m_s
                0x0000000000002328       0xa8 zephyr/libzephyr.a(date_service.c.obj)
 .text.cmd_date_set
                0x00000000000023d0      0x124 zephyr/libzephyr.a(date_service.c.obj)
 .text.history_handle
                0x00000000000024f4       0xa4 zephyr/libzephyr.a(shell.c.obj)
 .text.execute  0x0000000000002598      0x318 zephyr/libzephyr.a(shell.c.obj)
 .text.shell_process
                0x00000000000028b0      0x6d8 zephyr/libzephyr.a(shell.c.obj)
                0x00000000000028b0                shell_process
 .text.shell_init
                0x0000000000002f88       0xfc zephyr/libzephyr.a(shell.c.obj)
                0x0000000000002f88                shell_init
 .text.shell_start
                0x0000000000003084       0x40 zephyr/libzephyr.a(shell.c.obj)
                0x0000000000003084                shell_start
 .text.shell_thread
                0x00000000000030c4       0xb4 zephyr/libzephyr.a(shell.c.obj)
                0x00000000000030c4                shell_thread
 .text.shell_hexdump
                0x0000000000003178       0xe4 zephyr/libzephyr.a(shell.c.obj)
                0x0000000000003178                shell_hexdump
 .text.shell_fprintf_fmt
                0x000000000000325c       0x28 zephyr/libzephyr.a(shell_fprintf.c.obj)
                0x000000000000325c                shell_fprintf_fmt
 .text.shell_cmd_get
                0x0000000000003284       0x4c zephyr/libzephyr.a(shell_utils.c.obj)
                0x0000000000003284                shell_cmd_get
 .text.clear_eos.isra.0
                0x00000000000032d0       0x10 zephyr/libzephyr.a(shell_ops.c.obj)
 .text.shell_op_cursor_vert_move
                0x00000000000032e0       0x20 zephyr/libzephyr.a(shell_ops.c.obj)
                0x00000000000032e0                shell_op_cursor_vert_move
 .text.shell_op_cursor_horiz_move
                0x0000000000003300       0x20 zephyr/libzephyr.a(shell_ops.c.obj)
                0x0000000000003300                shell_op_cursor_horiz_move
 .text.shell_op_cond_next_line
                0x0000000000003320       0x28 zephyr/libzephyr.a(shell_ops.c.obj)
                0x0000000000003320                shell_op_cond_next_line
 .text.shell_op_cursor_position_synchronize
                0x0000000000003348       0x54 zephyr/libzephyr.a(shell_ops.c.obj)
                0x0000000000003348                shell_op_cursor_position_synchronize
 .text.shell_print_cmd
                0x000000000000339c       0x10 zephyr/libzephyr.a(shell_ops.c.obj)
                0x000000000000339c                shell_print_cmd
 .text.shell_vt100_color_set
                0x00000000000033ac       0x48 zephyr/libzephyr.a(shell_ops.c.obj)
                0x00000000000033ac                shell_vt100_color_set
 .text.shell_vt100_colors_restore
                0x00000000000033f4       0x4c zephyr/libzephyr.a(shell_ops.c.obj)
                0x00000000000033f4                shell_vt100_colors_restore
 .text.shell_op_word_remove
                0x0000000000003440       0xa8 zephyr/libzephyr.a(shell_ops.c.obj)
                0x0000000000003440                shell_op_word_remove
 .text.reprint_from_cursor
                0x00000000000034e8       0x54 zephyr/libzephyr.a(shell_ops.c.obj)
 .text.shell_op_char_insert
                0x000000000000353c       0x64 zephyr/libzephyr.a(shell_ops.c.obj)
                0x000000000000353c                shell_op_char_insert
 .text.shell_print_prompt_and_cmd
                0x00000000000035a0       0x30 zephyr/libzephyr.a(shell_ops.c.obj)
                0x00000000000035a0                shell_print_prompt_and_cmd
 .text.init     0x00000000000035d0       0x30 zephyr/libzephyr.a(shell_uart.c.obj)
 .text.enable_shell_uart
                0x0000000000003600       0x28 zephyr/libzephyr.a(shell_uart.c.obj)
 .text.uart_callback
                0x0000000000003628      0x110 zephyr/libzephyr.a(shell_uart.c.obj)
 .text.formatted_text_print.constprop.0
                0x0000000000003738       0xf4 zephyr/libzephyr.a(shell_help.c.obj)
 .text.shell_help_subcmd_print
                0x000000000000382c       0xbc zephyr/libzephyr.a(shell_help.c.obj)
                0x000000000000382c                shell_help_subcmd_print
 .text.shell_help_cmd_print
                0x00000000000038e8       0x4c zephyr/libzephyr.a(shell_help.c.obj)
                0x00000000000038e8                shell_help_cmd_print
 .text.cmd_clear
                0x0000000000003934       0x2c zephyr/libzephyr.a(shell_cmds.c.obj)
 .text.cmd_resize_default
                0x0000000000003960       0x24 zephyr/libzephyr.a(shell_cmds.c.obj)
 .text.cmd_shell_stats_show
                0x0000000000003984       0x18 zephyr/libzephyr.a(shell_cmds.c.obj)
 .text.cmd_help
                0x000000000000399c       0x24 zephyr/libzephyr.a(shell_cmds.c.obj)
 .text.cmd_history
                0x00000000000039c0       0x48 zephyr/libzephyr.a(shell_cmds.c.obj)
 .text.cmd_echo
                0x0000000000003a08       0x54 zephyr/libzephyr.a(shell_cmds.c.obj)
 .text.cmd_resize
                0x0000000000003a5c      0x17c zephyr/libzephyr.a(shell_cmds.c.obj)
 .text.shell_wildcard_process
                0x0000000000003bd8       0xe8 zephyr/libzephyr.a(shell_wildcard.c.obj)
                0x0000000000003bd8                shell_wildcard_process
 .text.uart_console_init
                0x0000000000003cc0       0x2c zephyr/libzephyr.a(uart_console.c.obj)
 .text.console_out
                0x0000000000003cec       0x28 zephyr/libzephyr.a(uart_console.c.obj)
 .text.clkstarted_handle.constprop.0
                0x0000000000003d14       0x50 zephyr/libzephyr.a(nrf_power_clock.c.obj)
 .text.nrf_power_clock_isr
                0x0000000000003d64       0x54 zephyr/libzephyr.a(nrf_power_clock.c.obj)
                0x0000000000003d64                nrf_power_clock_isr
 .text.handle_next_tick_case
                0x0000000000003db8       0x28 zephyr/libzephyr.a(nrf_rtc_timer.c.obj)
 .text.rtc1_nrf_isr
                0x0000000000003de0       0x24 zephyr/libzephyr.a(nrf_rtc_timer.c.obj)
                0x0000000000003de0                rtc1_nrf_isr
 .text.z_clock_driver_init
                0x0000000000003e04       0x68 zephyr/libzephyr.a(nrf_rtc_timer.c.obj)
                0x0000000000003e04                z_clock_driver_init
 .text.z_clock_set_timeout
                0x0000000000003e6c       0xc8 zephyr/libzephyr.a(nrf_rtc_timer.c.obj)
                0x0000000000003e6c                z_clock_set_timeout
 .text.z_clock_elapsed
                0x0000000000003f34       0x34 zephyr/libzephyr.a(nrf_rtc_timer.c.obj)
                0x0000000000003f34                z_clock_elapsed
 .text.z_timer_cycle_get_32
                0x0000000000003f68       0x34 zephyr/libzephyr.a(nrf_rtc_timer.c.obj)
                0x0000000000003f68                z_timer_cycle_get_32
 .text.nrf_cc310_platform_abort_init
                0x0000000000003f9c        0xc zephyr/libzephyr.a(nrf_cc310_platform_abort_zephyr.c.obj)
                0x0000000000003f9c                nrf_cc310_platform_abort_init
 .text.mutex_unlock
                0x0000000000003fa8       0x20 zephyr/libzephyr.a(nrf_cc310_platform_mutex_zephyr.c.obj)
 .text.mutex_free
                0x0000000000003fc8       0x40 zephyr/libzephyr.a(nrf_cc310_platform_mutex_zephyr.c.obj)
 .text.mutex_init
                0x0000000000004008       0x68 zephyr/libzephyr.a(nrf_cc310_platform_mutex_zephyr.c.obj)
 .text.mutex_lock
                0x0000000000004070       0x34 zephyr/libzephyr.a(nrf_cc310_platform_mutex_zephyr.c.obj)
 .text.nrf_cc310_platform_mutex_init
                0x00000000000040a4       0x2c zephyr/libzephyr.a(nrf_cc310_platform_mutex_zephyr.c.obj)
                0x00000000000040a4                nrf_cc310_platform_mutex_init
 .text.arch_swap
                0x00000000000040d0       0x38 zephyr/arch/arch/arm/core/aarch32/libarch__arm__core__aarch32.a(swap.c.obj)
                0x00000000000040d0                arch_swap
 .text.z_arm_pendsv
                0x0000000000004108       0x4c zephyr/arch/arch/arm/core/aarch32/libarch__arm__core__aarch32.a(swap_helper.S.obj)
                0x0000000000004108                z_arm_pendsv
 .text.z_arm_svc
                0x0000000000004154       0x20 zephyr/arch/arch/arm/core/aarch32/libarch__arm__core__aarch32.a(swap_helper.S.obj)
                0x0000000000004154                z_arm_svc
 .text.arch_irq_enable
                0x0000000000004174       0x20 zephyr/arch/arch/arm/core/aarch32/libarch__arm__core__aarch32.a(irq_manage.c.obj)
                0x0000000000004174                arch_irq_enable
 .text.z_arm_irq_priority_set
                0x0000000000004194       0x2c zephyr/arch/arch/arm/core/aarch32/libarch__arm__core__aarch32.a(irq_manage.c.obj)
                0x0000000000004194                z_arm_irq_priority_set
 .text.arch_new_thread
                0x00000000000041c0       0x50 zephyr/arch/arch/arm/core/aarch32/libarch__arm__core__aarch32.a(thread.c.obj)
                0x00000000000041c0                arch_new_thread
 .text.arch_switch_to_main_thread
                0x0000000000004210       0x38 zephyr/arch/arch/arm/core/aarch32/libarch__arm__core__aarch32.a(thread.c.obj)
                0x0000000000004210                arch_switch_to_main_thread
 .text.z_arm_cpu_idle_init
                0x0000000000004248        0xc zephyr/arch/arch/arm/core/aarch32/libarch__arm__core__aarch32.a(cpu_idle.S.obj)
                0x0000000000004248                z_arm_cpu_idle_init
 .text.arch_cpu_idle
                0x0000000000004254       0x1c zephyr/arch/arch/arm/core/aarch32/libarch__arm__core__aarch32.a(cpu_idle.S.obj)
                0x0000000000004254                arch_cpu_idle
 .text.z_arm_fatal_error
                0x0000000000004270       0x90 zephyr/arch/arch/arm/core/aarch32/libarch__arm__core__aarch32.a(fatal.c.obj)
                0x0000000000004270                z_arm_fatal_error
 .text.z_SysNmiOnReset
                0x0000000000004300        0x8 zephyr/arch/arch/arm/core/aarch32/libarch__arm__core__aarch32.a(nmi_on_reset.S.obj)
                0x0000000000004300                z_SysNmiOnReset
 .text.z_arm_prep_c
                0x0000000000004308       0x44 zephyr/arch/arch/arm/core/aarch32/libarch__arm__core__aarch32.a(prep_c.c.obj)
                0x0000000000004308                z_arm_prep_c
 .text._isr_wrapper
                0x000000000000434c       0x40 zephyr/arch/arch/arm/core/aarch32/libarch__arm__core__aarch32.a(isr_wrapper.S.obj)
                0x000000000000434c                _isr_wrapper
 .text._reset_section
                0x000000000000438c       0x3c zephyr/arch/arch/arm/core/aarch32/cortex_m/libarch__arm__core__aarch32__cortex_m.a(reset.S.obj)
                0x000000000000438c                z_arm_reset
                0x000000000000438c                __start
 .text.__fault  0x00000000000043c8       0x14 zephyr/arch/arch/arm/core/aarch32/cortex_m/libarch__arm__core__aarch32__cortex_m.a(fault_s.S.obj)
                0x00000000000043c8                z_arm_bus_fault
                0x00000000000043c8                z_arm_usage_fault
                0x00000000000043c8                z_arm_mpu_fault
                0x00000000000043c8                z_arm_exc_spurious
                0x00000000000043c8                z_arm_debug_monitor
                0x00000000000043c8                z_arm_hard_fault
 .text.usage_fault.isra.0
                0x00000000000043dc      0x150 zephyr/arch/arch/arm/core/aarch32/cortex_m/libarch__arm__core__aarch32__cortex_m.a(fault.c.obj)
 .text.mem_manage_fault.isra.0
                0x000000000000452c      0x13c zephyr/arch/arch/arm/core/aarch32/cortex_m/libarch__arm__core__aarch32__cortex_m.a(fault.c.obj)
 .text.bus_fault.isra.0
                0x0000000000004668      0x15c zephyr/arch/arch/arm/core/aarch32/cortex_m/libarch__arm__core__aarch32__cortex_m.a(fault.c.obj)
 .text.z_arm_fault
                0x00000000000047c4      0x1e8 zephyr/arch/arch/arm/core/aarch32/cortex_m/libarch__arm__core__aarch32__cortex_m.a(fault.c.obj)
                0x00000000000047c4                z_arm_fault
 .text.z_arm_fault_init
                0x00000000000049ac       0x10 zephyr/arch/arch/arm/core/aarch32/cortex_m/libarch__arm__core__aarch32__cortex_m.a(fault.c.obj)
                0x00000000000049ac                z_arm_fault_init
 .text._HandlerModeExit
                0x00000000000049bc       0x1c zephyr/arch/arch/arm/core/aarch32/cortex_m/libarch__arm__core__aarch32__cortex_m.a(exc_exit.S.obj)
                0x00000000000049bc                z_arm_exc_exit
                0x00000000000049bc                z_arm_int_exit
 .text.sys_arch_reboot
                0x00000000000049d8       0x24 zephyr/arch/arch/arm/core/aarch32/cortex_m/libarch__arm__core__aarch32__cortex_m.a(scb.c.obj)
                0x00000000000049d8                sys_arch_reboot
 .text.z_arm_interrupt_init
                0x00000000000049fc       0x18 zephyr/arch/arch/arm/core/aarch32/cortex_m/libarch__arm__core__aarch32__cortex_m.a(irq_init.c.obj)
                0x00000000000049fc                z_arm_interrupt_init
 .text.z_impl_k_thread_abort
                0x0000000000004a14       0x50 zephyr/arch/arch/arm/core/aarch32/cortex_m/libarch__arm__core__aarch32__cortex_m.a(thread_abort.c.obj)
                0x0000000000004a14                z_impl_k_thread_abort
 .text.z_arm_configure_static_mpu_regions
                0x0000000000004a64       0x54 zephyr/arch/arch/arm/core/aarch32/cortex_m/mpu/libarch__arm__core__aarch32__cortex_m__mpu.a(arm_core_mpu.c.obj)
                0x0000000000004a64                z_arm_configure_static_mpu_regions
 .text.region_init
                0x0000000000004ab8       0x30 zephyr/arch/arch/arm/core/aarch32/cortex_m/mpu/libarch__arm__core__aarch32__cortex_m__mpu.a(arm_mpu.c.obj)
 .text.region_allocate_and_init.part.0
                0x0000000000004ae8       0x38 zephyr/arch/arch/arm/core/aarch32/cortex_m/mpu/libarch__arm__core__aarch32__cortex_m__mpu.a(arm_mpu.c.obj)
 .text.mpu_configure_regions_and_partition.constprop.0
                0x0000000000004b20      0x194 zephyr/arch/arch/arm/core/aarch32/cortex_m/mpu/libarch__arm__core__aarch32__cortex_m__mpu.a(arm_mpu.c.obj)
 .text.arm_core_mpu_enable
                0x0000000000004cb4       0x14 zephyr/arch/arch/arm/core/aarch32/cortex_m/mpu/libarch__arm__core__aarch32__cortex_m__mpu.a(arm_mpu.c.obj)
                0x0000000000004cb4                arm_core_mpu_enable
 .text.arm_core_mpu_disable
                0x0000000000004cc8       0x10 zephyr/arch/arch/arm/core/aarch32/cortex_m/mpu/libarch__arm__core__aarch32__cortex_m__mpu.a(arm_mpu.c.obj)
                0x0000000000004cc8                arm_core_mpu_disable
 .text.arm_mpu_init
                0x0000000000004cd8       0x4c zephyr/arch/arch/arm/core/aarch32/cortex_m/mpu/libarch__arm__core__aarch32__cortex_m__mpu.a(arm_mpu.c.obj)
 .text.arm_core_mpu_configure_static_mpu_regions
                0x0000000000004d24       0x14 zephyr/arch/arch/arm/core/aarch32/cortex_m/mpu/libarch__arm__core__aarch32__cortex_m__mpu.a(arm_mpu.c.obj)
                0x0000000000004d24                arm_core_mpu_configure_static_mpu_regions
 .text.arm_core_mpu_mark_areas_for_dynamic_regions
                0x0000000000004d38       0xac zephyr/arch/arch/arm/core/aarch32/cortex_m/mpu/libarch__arm__core__aarch32__cortex_m__mpu.a(arm_mpu.c.obj)
                0x0000000000004d38                arm_core_mpu_mark_areas_for_dynamic_regions
 .text.z_prf    0x0000000000004de4      0x9e0 zephyr/lib/libc/minimal/liblib__libc__minimal.a(prf.c.obj)
                0x0000000000004de4                z_prf
 .text.__stdout_hook_install
                0x00000000000057c4        0xc zephyr/lib/libc/minimal/liblib__libc__minimal.a(stdout_console.c.obj)
                0x00000000000057c4                __stdout_hook_install
 .text.sprintf  0x00000000000057d0       0x30 zephyr/lib/libc/minimal/liblib__libc__minimal.a(sprintf.c.obj)
                0x00000000000057d0                sprintf
 .text.gmtime_r
                0x0000000000005800      0x1c4 zephyr/lib/libc/minimal/liblib__libc__minimal.a(gmtime.c.obj)
                0x0000000000005800                gmtime_r
 .text.z_impl_clock_gettime
                0x00000000000059c4       0xa4 zephyr/lib/posix/liblib__posix.a(clock.c.obj)
                0x00000000000059c4                z_impl_clock_gettime
 .text.gpio_nrfx_init
                0x0000000000005a68       0x30 zephyr/drivers/gpio/libdrivers__gpio.a(gpio_nrfx.c.obj)
 .text.gpio_nrfx_config
                0x0000000000005a98       0xb8 zephyr/drivers/gpio/libdrivers__gpio.a(gpio_nrfx.c.obj)
 .text.gpiote_pin_int_cfg
                0x0000000000005b50      0x140 zephyr/drivers/gpio/libdrivers__gpio.a(gpio_nrfx.c.obj)
 .text.gpio_nrfx_pin_interrupt_configure
                0x0000000000005c90       0x90 zephyr/drivers/gpio/libdrivers__gpio.a(gpio_nrfx.c.obj)
 .text.gpiote_event_handler
                0x0000000000005d20      0x154 zephyr/drivers/gpio/libdrivers__gpio.a(gpio_nrfx.c.obj)
 .text.uarte_nrfx_configure
                0x0000000000005e74      0x168 zephyr/drivers/serial/libdrivers__serial.a(uart_nrfx_uarte.c.obj)
 .text.uarte_instance_init.constprop.0
                0x0000000000005fdc       0xac zephyr/drivers/serial/libdrivers__serial.a(uart_nrfx_uarte.c.obj)
 .text.uarte_1_init
                0x0000000000006088       0x30 zephyr/drivers/serial/libdrivers__serial.a(uart_nrfx_uarte.c.obj)
 .text.uarte_0_init
                0x00000000000060b8       0x30 zephyr/drivers/serial/libdrivers__serial.a(uart_nrfx_uarte.c.obj)
 .text.k_sys_fatal_error_handler
                0x00000000000060e8       0x38 modules/nrf/lib/fatal_error/lib..__nrf__lib__fatal_error.a(fatal_error.c.obj)
                0x00000000000060e8                k_sys_fatal_error_handler
 .text.nrf91_errata_6
                0x0000000000006120       0x20 modules/nordic/lib..__modules__hal__nordic.a(system_nrf9160.c.obj)
 .text.nrf91_errata_14
                0x0000000000006140       0x1c modules/nordic/lib..__modules__hal__nordic.a(system_nrf9160.c.obj)
 .text.SystemInit
                0x000000000000615c      0x14c modules/nordic/lib..__modules__hal__nordic.a(system_nrf9160.c.obj)
                0x000000000000615c                SystemInit
 .text.z_sys_init_run_level
                0x00000000000062a8       0x2c zephyr/kernel/libkernel.a(device.c.obj)
                0x00000000000062a8                z_sys_init_run_level
 .text.z_impl_device_get_binding
                0x00000000000062d4       0x48 zephyr/kernel/libkernel.a(device.c.obj)
                0x00000000000062d4                z_impl_device_get_binding
 .text.z_impl_z_errno
                0x000000000000631c        0xc zephyr/kernel/libkernel.a(errno.c.obj)
                0x000000000000631c                z_impl_z_errno
 .text.z_fatal_error
                0x0000000000006328       0xfc zephyr/kernel/libkernel.a(fatal.c.obj)
                0x0000000000006328                z_fatal_error
 .text.idle     0x0000000000006424       0x34 zephyr/kernel/libkernel.a(idle.c.obj)
                0x0000000000006424                idle
 .text.z_bss_zero
                0x0000000000006458       0x14 zephyr/kernel/libkernel.a(init.c.obj)
                0x0000000000006458                z_bss_zero
 .text.z_data_copy
                0x000000000000646c       0x34 zephyr/kernel/libkernel.a(init.c.obj)
                0x000000000000646c                z_data_copy
 .text.bg_thread_main
                0x00000000000064a0       0x30 zephyr/kernel/libkernel.a(init.c.obj)
 .text.z_cstart
                0x00000000000064d0      0x118 zephyr/kernel/libkernel.a(init.c.obj)
                0x00000000000064d0                z_cstart
 .text.init_mem_slab_module
                0x00000000000065e8       0x44 zephyr/kernel/libkernel.a(mem_slab.c.obj)
 .text.k_mem_slab_alloc
                0x000000000000662c       0x64 zephyr/kernel/libkernel.a(mem_slab.c.obj)
                0x000000000000662c                k_mem_slab_alloc
 .text.k_mem_slab_free
                0x0000000000006690       0x54 zephyr/kernel/libkernel.a(mem_slab.c.obj)
                0x0000000000006690                k_mem_slab_free
 .text.z_impl_k_msgq_put
                0x00000000000066e4       0xa8 zephyr/kernel/libkernel.a(msg_q.c.obj)
                0x00000000000066e4                z_impl_k_msgq_put
 .text.z_impl_k_msgq_get
                0x000000000000678c       0xc0 zephyr/kernel/libkernel.a(msg_q.c.obj)
                0x000000000000678c                z_impl_k_msgq_get
 .text.z_impl_k_mutex_lock
                0x000000000000684c       0xf0 zephyr/kernel/libkernel.a(mutex.c.obj)
                0x000000000000684c                z_impl_k_mutex_lock
 .text.z_impl_k_mutex_unlock
                0x000000000000693c       0x90 zephyr/kernel/libkernel.a(mutex.c.obj)
                0x000000000000693c                z_impl_k_mutex_unlock
 .text.z_reset_time_slice
                0x00000000000069cc       0x2c zephyr/kernel/libkernel.a(sched.c.obj)
                0x00000000000069cc                z_reset_time_slice
 .text.k_sched_time_slice_set
                0x00000000000069f8       0x58 zephyr/kernel/libkernel.a(sched.c.obj)
                0x00000000000069f8                k_sched_time_slice_set
 .text.k_sched_lock
                0x0000000000006a50       0x28 zephyr/kernel/libkernel.a(sched.c.obj)
                0x0000000000006a50                k_sched_lock
 .text.z_priq_dumb_remove
                0x0000000000006a78       0x2c zephyr/kernel/libkernel.a(sched.c.obj)
                0x0000000000006a78                z_priq_dumb_remove
 .text.update_cache
                0x0000000000006aa4       0x48 zephyr/kernel/libkernel.a(sched.c.obj)
 .text.k_sched_unlock
                0x0000000000006aec       0x38 zephyr/kernel/libkernel.a(sched.c.obj)
                0x0000000000006aec                k_sched_unlock
 .text.ready_thread
                0x0000000000006b24       0x68 zephyr/kernel/libkernel.a(sched.c.obj)
 .text.z_sched_start
                0x0000000000006b8c       0x3c zephyr/kernel/libkernel.a(sched.c.obj)
                0x0000000000006b8c                z_sched_start
 .text.z_move_thread_to_end_of_prio_q
                0x0000000000006bc8       0x8c zephyr/kernel/libkernel.a(sched.c.obj)
                0x0000000000006bc8                z_move_thread_to_end_of_prio_q
 .text.z_time_slice
                0x0000000000006c54       0x6c zephyr/kernel/libkernel.a(sched.c.obj)
                0x0000000000006c54                z_time_slice
 .text.z_impl_k_thread_suspend
                0x0000000000006cc0       0x68 zephyr/kernel/libkernel.a(sched.c.obj)
                0x0000000000006cc0                z_impl_k_thread_suspend
 .text.z_thread_single_abort
                0x0000000000006d28       0xbc zephyr/kernel/libkernel.a(sched.c.obj)
                0x0000000000006d28                z_thread_single_abort
 .text.unready_thread
                0x0000000000006de4       0x34 zephyr/kernel/libkernel.a(sched.c.obj)
 .text.z_tick_sleep.part.0
                0x0000000000006e18       0x5c zephyr/kernel/libkernel.a(sched.c.obj)
 .text.pend     0x0000000000006e74       0x4c zephyr/kernel/libkernel.a(sched.c.obj)
 .text.z_pend_curr
                0x0000000000006ec0       0x28 zephyr/kernel/libkernel.a(sched.c.obj)
                0x0000000000006ec0                z_pend_curr
 .text.z_set_prio
                0x0000000000006ee8       0x88 zephyr/kernel/libkernel.a(sched.c.obj)
                0x0000000000006ee8                z_set_prio
 .text.z_sched_init
                0x0000000000006f70       0x18 zephyr/kernel/libkernel.a(sched.c.obj)
                0x0000000000006f70                z_sched_init
 .text.z_impl_k_yield
                0x0000000000006f88       0x9c zephyr/kernel/libkernel.a(sched.c.obj)
                0x0000000000006f88                z_impl_k_yield
 .text.z_impl_k_sleep
                0x0000000000007024       0x40 zephyr/kernel/libkernel.a(sched.c.obj)
                0x0000000000007024                z_impl_k_sleep
 .text.z_impl_k_current_get
                0x0000000000007064        0xc zephyr/kernel/libkernel.a(sched.c.obj)
                0x0000000000007064                z_impl_k_current_get
 .text.z_impl_k_sem_give
                0x0000000000007070       0x4c zephyr/kernel/libkernel.a(sem.c.obj)
                0x0000000000007070                z_impl_k_sem_give
 .text.z_impl_k_sem_take
                0x00000000000070bc       0x54 zephyr/kernel/libkernel.a(sem.c.obj)
                0x00000000000070bc                z_impl_k_sem_take
 .text.k_thread_foreach
                0x0000000000007110       0x34 zephyr/kernel/libkernel.a(thread.c.obj)
                0x0000000000007110                k_thread_foreach
 .text.z_thread_monitor_exit
                0x0000000000007144       0x3c zephyr/kernel/libkernel.a(thread.c.obj)
                0x0000000000007144                z_thread_monitor_exit
 .text.z_impl_k_thread_name_set
                0x0000000000007180       0x20 zephyr/kernel/libkernel.a(thread.c.obj)
                0x0000000000007180                z_impl_k_thread_name_set
 .text.k_thread_state_str
                0x00000000000071a0       0x74 zephyr/kernel/libkernel.a(thread.c.obj)
                0x00000000000071a0                k_thread_state_str
 .text.z_setup_new_thread
                0x0000000000007214       0x9c zephyr/kernel/libkernel.a(thread.c.obj)
                0x0000000000007214                z_setup_new_thread
 .text.z_impl_k_thread_create
                0x00000000000072b0       0x58 zephyr/kernel/libkernel.a(thread.c.obj)
                0x00000000000072b0                z_impl_k_thread_create
 .text.z_init_static_threads
                0x0000000000007308       0xc4 zephyr/kernel/libkernel.a(thread.c.obj)
                0x0000000000007308                z_init_static_threads
 .text.sys_kernel_version_get
                0x00000000000073cc        0x8 zephyr/kernel/libkernel.a(version.c.obj)
                0x00000000000073cc                sys_kernel_version_get
 .text.elapsed  0x00000000000073d4       0x14 zephyr/kernel/libkernel.a(timeout.c.obj)
 .text.remove_timeout
                0x00000000000073e8       0x28 zephyr/kernel/libkernel.a(timeout.c.obj)
 .text.next_timeout
                0x0000000000007410       0x38 zephyr/kernel/libkernel.a(timeout.c.obj)
 .text.z_add_timeout
                0x0000000000007448       0xf4 zephyr/kernel/libkernel.a(timeout.c.obj)
                0x0000000000007448                z_add_timeout
 .text.z_clock_announce
                0x000000000000753c       0xa8 zephyr/kernel/libkernel.a(timeout.c.obj)
                0x000000000000753c                z_clock_announce
 .text.z_tick_get
                0x00000000000075e4       0x34 zephyr/kernel/libkernel.a(timeout.c.obj)
                0x00000000000075e4                z_tick_get
 .text.z_timer_expiration_handler
                0x0000000000007618       0x4c zephyr/kernel/libkernel.a(timer.c.obj)
                0x0000000000007618                z_timer_expiration_handler
 .text.z_impl_k_timer_start
                0x0000000000007664       0x9c zephyr/kernel/libkernel.a(timer.c.obj)
                0x0000000000007664                z_impl_k_timer_start
 .text.z_impl_k_poll
                0x0000000000007700       0xc0 zephyr/kernel/libkernel.a(poll.c.obj)
                0x0000000000007700                z_impl_k_poll
 .text.z_impl_k_poll_signal_raise
                0x00000000000077c0       0x50 zephyr/kernel/libkernel.a(poll.c.obj)
                0x00000000000077c0                z_impl_k_poll_signal_raise
 .text.statics_init
                0x0000000000007810       0x24 zephyr/kernel/libkernel.a(kheap.c.obj)
 .text.nrf_cc310_platform_init_no_rng
                0x0000000000007834       0x34 /home/nejc/ncs/nrfxlib/crypto/nrf_cc310_platform/lib/cortex-m33/soft-float/no-interrupts/libnrf_cc310_platform_0.9.2.a(nrf_cc310_platform.c.obj)
                0x0000000000007834                nrf_cc310_platform_init_no_rng
 .text.nrf_cc310_platform_abort
                0x0000000000007868       0x24 /home/nejc/ncs/nrfxlib/crypto/nrf_cc310_platform/lib/cortex-m33/soft-float/no-interrupts/libnrf_cc310_platform_0.9.2.a(nrf_cc310_platform_abort.c.obj)
 .text.CC_PalAbort
                0x000000000000788c        0xc /home/nejc/ncs/nrfxlib/crypto/nrf_cc310_platform/lib/cortex-m33/soft-float/no-interrupts/libnrf_cc310_platform_0.9.2.a(nrf_cc310_platform_abort.c.obj)
                0x000000000000788c                CC_PalAbort
 .text.nrf_cc310_platform_set_abort
                0x0000000000007898       0x10 /home/nejc/ncs/nrfxlib/crypto/nrf_cc310_platform/lib/cortex-m33/soft-float/no-interrupts/libnrf_cc310_platform_0.9.2.a(nrf_cc310_platform_abort.c.obj)
                0x0000000000007898                nrf_cc310_platform_set_abort
 .text.mutex_free
                0x00000000000078a8        0x4 /home/nejc/ncs/nrfxlib/crypto/nrf_cc310_platform/lib/cortex-m33/soft-float/no-interrupts/libnrf_cc310_platform_0.9.2.a(nrf_cc310_platform_mutex.c.obj)
 .text.mutex_unlock
                0x00000000000078ac       0x24 /home/nejc/ncs/nrfxlib/crypto/nrf_cc310_platform/lib/cortex-m33/soft-float/no-interrupts/libnrf_cc310_platform_0.9.2.a(nrf_cc310_platform_mutex.c.obj)
 .text.mutex_init
                0x00000000000078d0       0x1c /home/nejc/ncs/nrfxlib/crypto/nrf_cc310_platform/lib/cortex-m33/soft-float/no-interrupts/libnrf_cc310_platform_0.9.2.a(nrf_cc310_platform_mutex.c.obj)
 .text.mutex_lock
                0x00000000000078ec       0x1c /home/nejc/ncs/nrfxlib/crypto/nrf_cc310_platform/lib/cortex-m33/soft-float/no-interrupts/libnrf_cc310_platform_0.9.2.a(nrf_cc310_platform_mutex.c.obj)
 .text.nrf_cc310_platform_set_mutexes
                0x0000000000007908       0x38 /home/nejc/ncs/nrfxlib/crypto/nrf_cc310_platform/lib/cortex-m33/soft-float/no-interrupts/libnrf_cc310_platform_0.9.2.a(nrf_cc310_platform_mutex.c.obj)
                0x0000000000007908                nrf_cc310_platform_set_mutexes
 .text.CC_LibInitNoRng
                0x0000000000007940       0x6c /home/nejc/ncs/nrfxlib/crypto/nrf_cc310_platform/lib/cortex-m33/soft-float/no-interrupts/libnrf_cc310_platform_0.9.2.a(cc_lib.c.obj)
                0x0000000000007940                CC_LibInitNoRng
 .text.CC_HalInit
                0x00000000000079ac        0x4 /home/nejc/ncs/nrfxlib/crypto/nrf_cc310_platform/lib/cortex-m33/soft-float/no-interrupts/libnrf_cc310_platform_0.9.2.a(cc_hal.c.obj)
                0x00000000000079ac                CC_HalInit
 .text.CC_HalTerminate
                0x00000000000079b0        0x4 /home/nejc/ncs/nrfxlib/crypto/nrf_cc310_platform/lib/cortex-m33/soft-float/no-interrupts/libnrf_cc310_platform_0.9.2.a(cc_hal.c.obj)
                0x00000000000079b0                CC_HalTerminate
 .text.CC_HalMaskInterrupt
                0x00000000000079b4        0xc /home/nejc/ncs/nrfxlib/crypto/nrf_cc310_platform/lib/cortex-m33/soft-float/no-interrupts/libnrf_cc310_platform_0.9.2.a(cc_hal.c.obj)
                0x00000000000079b4                CC_HalMaskInterrupt
 .text.CC_PalInit
                0x00000000000079c0       0x5c /home/nejc/ncs/nrfxlib/crypto/nrf_cc310_platform/lib/cortex-m33/soft-float/no-interrupts/libnrf_cc310_platform_0.9.2.a(cc_pal.c.obj)
                0x00000000000079c0                CC_PalInit
 .text.CC_PalTerminate
                0x0000000000007a1c       0x34 /home/nejc/ncs/nrfxlib/crypto/nrf_cc310_platform/lib/cortex-m33/soft-float/no-interrupts/libnrf_cc310_platform_0.9.2.a(cc_pal.c.obj)
                0x0000000000007a1c                CC_PalTerminate
 .text.CC_PalDmaInit
                0x0000000000007a50        0x4 /home/nejc/ncs/nrfxlib/crypto/nrf_cc310_platform/lib/cortex-m33/soft-float/no-interrupts/libnrf_cc310_platform_0.9.2.a(cc_pal_dma.c.obj)
                0x0000000000007a50                CC_PalDmaInit
 .text.CC_PalDmaTerminate
                0x0000000000007a54        0x4 /home/nejc/ncs/nrfxlib/crypto/nrf_cc310_platform/lib/cortex-m33/soft-float/no-interrupts/libnrf_cc310_platform_0.9.2.a(cc_pal_dma.c.obj)
                0x0000000000007a54                CC_PalDmaTerminate
 .text.CC_PalMutexCreate
                0x0000000000007a58       0x14 /home/nejc/ncs/nrfxlib/crypto/nrf_cc310_platform/lib/cortex-m33/soft-float/no-interrupts/libnrf_cc310_platform_0.9.2.a(cc_pal_mutex.c.obj)
                0x0000000000007a58                CC_PalMutexCreate
 .text.CC_PalMutexDestroy
                0x0000000000007a6c       0x14 /home/nejc/ncs/nrfxlib/crypto/nrf_cc310_platform/lib/cortex-m33/soft-float/no-interrupts/libnrf_cc310_platform_0.9.2.a(cc_pal_mutex.c.obj)
                0x0000000000007a6c                CC_PalMutexDestroy
 .text.CC_PalPowerSaveModeInit
                0x0000000000007a80       0x3c /home/nejc/ncs/nrfxlib/crypto/nrf_cc310_platform/lib/cortex-m33/soft-float/no-interrupts/libnrf_cc310_platform_0.9.2.a(cc_pal_pm.c.obj)
                0x0000000000007a80                CC_PalPowerSaveModeInit
 .text.CC_PalPowerSaveModeSelect
                0x0000000000007abc       0x84 /home/nejc/ncs/nrfxlib/crypto/nrf_cc310_platform/lib/cortex-m33/soft-float/no-interrupts/libnrf_cc310_platform_0.9.2.a(cc_pal_pm.c.obj)
                0x0000000000007abc                CC_PalPowerSaveModeSelect
 .text.main     0x0000000000007b40        0x2 app/libapp.a(main.c.obj)
                0x0000000000007b40                main
 .text.string_cmp
                0x0000000000007b42        0x4 app/libapp.a(dynamic_cmd.c.obj)
 .text.swapfunc
                0x0000000000007b46       0x16 app/libapp.a(qsort.c.obj)
 .text.med3.isra.0
                0x0000000000007b5c       0x40 app/libapp.a(qsort.c.obj)
 .text.qsort    0x0000000000007b9c      0x1e8 app/libapp.a(qsort.c.obj)
                0x0000000000007b9c                qsort
 .text.foldcase
                0x0000000000007d84       0x10 zephyr/libzephyr.a(fnmatch.c.obj)
 .text.fnmatchx
                0x0000000000007d94      0x260 zephyr/libzephyr.a(fnmatch.c.obj)
 .text.fnmatch  0x0000000000007ff4        0x6 zephyr/libzephyr.a(fnmatch.c.obj)
                0x0000000000007ff4                fnmatch
 .text.arch_printk_char_out
                0x0000000000007ffa        0x4 zephyr/libzephyr.a(printk.c.obj)
                0x0000000000007ffa                arch_printk_char_out
 .text.print_err
                0x0000000000007ffe       0x1c zephyr/libzephyr.a(printk.c.obj)
 .text.str_out  0x000000000000801a       0x26 zephyr/libzephyr.a(printk.c.obj)
 .text.snprintk
                0x0000000000008040       0x1a zephyr/libzephyr.a(printk.c.obj)
                0x0000000000008040                snprintk
 .text.z_thread_entry
                0x000000000000805a       0x14 zephyr/libzephyr.a(thread_entry.c.obj)
                0x000000000000805a                z_thread_entry
 .text.timeutil_timegm
                0x000000000000806e       0x18 zephyr/libzephyr.a(timeutil.c.obj)
                0x000000000000806e                timeutil_timegm
 .text.chunk_field
                0x0000000000008086       0x18 zephyr/libzephyr.a(heap.c.obj)
 .text.chunk_set
                0x000000000000809e       0x1a zephyr/libzephyr.a(heap.c.obj)
 .text.free_list_add
                0x00000000000080b8       0x9a zephyr/libzephyr.a(heap.c.obj)
 .text.sys_heap_init
                0x0000000000008152       0x88 zephyr/libzephyr.a(heap.c.obj)
                0x0000000000008152                sys_heap_init
 .text.ring_buf_space_get
                0x00000000000081da       0x18 zephyr/libzephyr.a(ring_buffer.c.obj)
 .text.ring_buf_put_claim
                0x00000000000081f2       0x36 zephyr/libzephyr.a(ring_buffer.c.obj)
                0x00000000000081f2                ring_buf_put_claim
 .text.ring_buf_put_finish
                0x0000000000008228       0x26 zephyr/libzephyr.a(ring_buffer.c.obj)
                0x0000000000008228                ring_buf_put_finish
 .text.ring_buf_put
                0x000000000000824e       0x3e zephyr/libzephyr.a(ring_buffer.c.obj)
                0x000000000000824e                ring_buf_put
 .text.ring_buf_get_claim
                0x000000000000828c       0x42 zephyr/libzephyr.a(ring_buffer.c.obj)
                0x000000000000828c                ring_buf_get_claim
 .text.ring_buf_get_finish
                0x00000000000082ce       0x2a zephyr/libzephyr.a(ring_buffer.c.obj)
                0x00000000000082ce                ring_buf_get_finish
 .text.ring_buf_get
                0x00000000000082f8       0x3e zephyr/libzephyr.a(ring_buffer.c.obj)
                0x00000000000082f8                ring_buf_get
 .text._ConfigAbsSyms
                0x0000000000008336        0x2 zephyr/libzephyr.a(configs.c.obj)
                0x0000000000008336                _ConfigAbsSyms
 .text.z_platform_init
                0x0000000000008338        0x4 zephyr/libzephyr.a(soc.c.obj)
                0x0000000000008338                z_platform_init
 .text.log_list_init
                0x000000000000833c        0x8 zephyr/libzephyr.a(log_list.c.obj)
                0x000000000000833c                log_list_init
 .text.log_list_add_tail
                0x0000000000008344       0x14 zephyr/libzephyr.a(log_list.c.obj)
                0x0000000000008344                log_list_add_tail
 .text.log_list_head_peek
                0x0000000000008358        0x4 zephyr/libzephyr.a(log_list.c.obj)
                0x0000000000008358                log_list_head_peek
 .text.log_list_head_get
                0x000000000000835c        0xc zephyr/libzephyr.a(log_list.c.obj)
                0x000000000000835c                log_list_head_get
 .text.z_log_msg_std_alloc
                0x0000000000008368       0x12 zephyr/libzephyr.a(log_core.c.obj)
 .text.k_cycle_get_32_wrapper
                0x000000000000837a        0x4 zephyr/libzephyr.a(log_core.c.obj)
 .text.dummy_timestamp
                0x000000000000837e        0x4 zephyr/libzephyr.a(log_core.c.obj)
 .text.z_log_get_s_mask
                0x0000000000008382       0x40 zephyr/libzephyr.a(log_core.c.obj)
                0x0000000000008382                z_log_get_s_mask
 .text.log_backend_disable
                0x00000000000083c2        0xa zephyr/libzephyr.a(log_core.c.obj)
                0x00000000000083c2                log_backend_disable
 .text.log_0    0x00000000000083cc       0x1a zephyr/libzephyr.a(log_core.c.obj)
                0x00000000000083cc                log_0
 .text.log_1    0x00000000000083e6       0x28 zephyr/libzephyr.a(log_core.c.obj)
                0x00000000000083e6                log_1
 .text.log_2    0x000000000000840e       0x32 zephyr/libzephyr.a(log_core.c.obj)
                0x000000000000840e                log_2
 .text.log_3    0x0000000000008440       0x38 zephyr/libzephyr.a(log_core.c.obj)
                0x0000000000008440                log_3
 .text.log_msg_hexdump_data_op
                0x0000000000008478       0xa6 zephyr/libzephyr.a(log_msg.c.obj)
 .text.log_msg_get
                0x000000000000851e       0x12 zephyr/libzephyr.a(log_msg.c.obj)
                0x000000000000851e                log_msg_get
 .text.log_msg_nargs_get
                0x0000000000008530        0x6 zephyr/libzephyr.a(log_msg.c.obj)
                0x0000000000008530                log_msg_nargs_get
 .text.log_msg_arg_get
                0x0000000000008536       0x3e zephyr/libzephyr.a(log_msg.c.obj)
                0x0000000000008536                log_msg_arg_get
 .text.log_msg_put
                0x0000000000008574       0x1e zephyr/libzephyr.a(log_msg.c.obj)
                0x0000000000008574                log_msg_put
 .text.log_msg_str_get
                0x0000000000008592        0x4 zephyr/libzephyr.a(log_msg.c.obj)
                0x0000000000008592                log_msg_str_get
 .text.log_msg_hexdump_data_get
                0x0000000000008596        0xe zephyr/libzephyr.a(log_msg.c.obj)
                0x0000000000008596                log_msg_hexdump_data_get
 .text.buffer_write
                0x00000000000085a4       0x1a zephyr/libzephyr.a(log_output.c.obj)
 .text.std_print
                0x00000000000085be      0x2ba zephyr/libzephyr.a(log_output.c.obj)
 .text.log_output_flush
                0x0000000000008878       0x1a zephyr/libzephyr.a(log_output.c.obj)
                0x0000000000008878                log_output_flush
 .text.out_func
                0x0000000000008892       0x2e zephyr/libzephyr.a(log_output.c.obj)
 .text.log_halt
                0x00000000000088c0        0x8 zephyr/libzephyr.a(log_cmds.c.obj)
 .text.log_go   0x00000000000088c8        0xa zephyr/libzephyr.a(log_cmds.c.obj)
 .text.cmd_log_self_halt
                0x00000000000088d2       0x18 zephyr/libzephyr.a(log_cmds.c.obj)
 .text.cmd_log_self_go
                0x00000000000088ea       0x18 zephyr/libzephyr.a(log_cmds.c.obj)
 .text.cmd_log_self_status
                0x0000000000008902       0x20 zephyr/libzephyr.a(log_cmds.c.obj)
 .text.cmd_log_self_enable
                0x0000000000008922       0x22 zephyr/libzephyr.a(log_cmds.c.obj)
 .text.log_disable
                0x0000000000008944       0x14 zephyr/libzephyr.a(log_cmds.c.obj)
 .text.cmd_log_self_disable
                0x0000000000008958       0x22 zephyr/libzephyr.a(log_cmds.c.obj)
 .text.cmd_date_get
                0x000000000000897a       0x24 zephyr/libzephyr.a(date_service.c.obj)
 .text.shell_signal_handle
                0x000000000000899e       0x2a zephyr/libzephyr.a(shell.c.obj)
 .text.kill_handler
                0x00000000000089c8       0x36 zephyr/libzephyr.a(shell.c.obj)
 .text.k_mutex_unlock
                0x00000000000089fe        0x4 zephyr/libzephyr.a(shell.c.obj)
 .text.shell_strlen
                0x0000000000008a02        0xc zephyr/libzephyr.a(shell.c.obj)
 .text.shell_raw_fprintf
                0x0000000000008a0e       0x1a zephyr/libzephyr.a(shell.c.obj)
 .text.shell_internal_help_print
                0x0000000000008a28       0x12 zephyr/libzephyr.a(shell.c.obj)
 .text.transport_evt_handler
                0x0000000000008a3a       0x14 zephyr/libzephyr.a(shell.c.obj)
 .text.k_mutex_lock.constprop.0
                0x0000000000008a4e        0x4 zephyr/libzephyr.a(shell.c.obj)
 .text.shell_log_process
                0x0000000000008a52       0x48 zephyr/libzephyr.a(shell.c.obj)
 .text.shell_vfprintf
                0x0000000000008a9a       0x5c zephyr/libzephyr.a(shell.c.obj)
                0x0000000000008a9a                shell_vfprintf
 .text.shell_fprintf
                0x0000000000008af6       0x1a zephyr/libzephyr.a(shell.c.obj)
                0x0000000000008af6                shell_fprintf
 .text.shell_help
                0x0000000000008b10       0x2a zephyr/libzephyr.a(shell.c.obj)
                0x0000000000008b10                shell_help
 .text.shell_fprintf_buffer_flush
                0x0000000000008b3a       0x18 zephyr/libzephyr.a(shell_fprintf.c.obj)
                0x0000000000008b3a                shell_fprintf_buffer_flush
 .text.out_func
                0x0000000000008b52       0x38 zephyr/libzephyr.a(shell_fprintf.c.obj)
 .text.isspace  0x0000000000008b8a       0x14 zephyr/libzephyr.a(shell_utils.c.obj)
 .text.shell_strlen
                0x0000000000008b9e        0xc zephyr/libzephyr.a(shell_utils.c.obj)
 .text.column_span_with_buffer_offsets_get
                0x0000000000008baa       0x1e zephyr/libzephyr.a(shell_utils.c.obj)
                0x0000000000008baa                column_span_with_buffer_offsets_get
 .text.row_span_with_buffer_offsets_get
                0x0000000000008bc8       0x16 zephyr/libzephyr.a(shell_utils.c.obj)
                0x0000000000008bc8                row_span_with_buffer_offsets_get
 .text.shell_multiline_data_calc
                0x0000000000008bde       0x2c zephyr/libzephyr.a(shell_utils.c.obj)
                0x0000000000008bde                shell_multiline_data_calc
 .text.shell_make_argv
                0x0000000000008c0a      0x190 zephyr/libzephyr.a(shell_utils.c.obj)
                0x0000000000008c0a                shell_make_argv
 .text.shell_pattern_remove
                0x0000000000008d9a       0x4e zephyr/libzephyr.a(shell_utils.c.obj)
                0x0000000000008d9a                shell_pattern_remove
 .text.shell_find_cmd
                0x0000000000008de8       0x2e zephyr/libzephyr.a(shell_utils.c.obj)
                0x0000000000008de8                shell_find_cmd
 .text.shell_get_last_command
                0x0000000000008e16       0x5c zephyr/libzephyr.a(shell_utils.c.obj)
                0x0000000000008e16                shell_get_last_command
 .text.shell_spaces_trim
                0x0000000000008e72       0x6c zephyr/libzephyr.a(shell_utils.c.obj)
                0x0000000000008e72                shell_spaces_trim
 .text.shell_cmd_trim
                0x0000000000008ede       0x64 zephyr/libzephyr.a(shell_utils.c.obj)
                0x0000000000008ede                shell_cmd_trim
 .text.shell_raw_fprintf
                0x0000000000008f42       0x1a zephyr/libzephyr.a(shell_ops.c.obj)
 .text.full_line_cmd.isra.0
                0x0000000000008f5c       0x28 zephyr/libzephyr.a(shell_ops.c.obj)
 .text.shell_cursor_in_empty_line
                0x0000000000008f84       0x28 zephyr/libzephyr.a(shell_ops.c.obj)
                0x0000000000008f84                shell_cursor_in_empty_line
 .text.shell_op_cursor_move
                0x0000000000008fac       0x48 zephyr/libzephyr.a(shell_ops.c.obj)
                0x0000000000008fac                shell_op_cursor_move
 .text.shell_op_cursor_word_move
                0x0000000000008ff4       0x74 zephyr/libzephyr.a(shell_ops.c.obj)
                0x0000000000008ff4                shell_op_cursor_word_move
 .text.shell_op_cursor_home_move
                0x0000000000009068        0xc zephyr/libzephyr.a(shell_ops.c.obj)
                0x0000000000009068                shell_op_cursor_home_move
 .text.shell_op_cursor_end_move
                0x0000000000009074        0xe zephyr/libzephyr.a(shell_ops.c.obj)
                0x0000000000009074                shell_op_cursor_end_move
 .text.shell_op_left_arrow
                0x0000000000009082       0x10 zephyr/libzephyr.a(shell_ops.c.obj)
                0x0000000000009082                shell_op_left_arrow
 .text.shell_op_right_arrow
                0x0000000000009092       0x12 zephyr/libzephyr.a(shell_ops.c.obj)
                0x0000000000009092                shell_op_right_arrow
 .text.shell_op_delete_from_cursor
                0x00000000000090a4       0x14 zephyr/libzephyr.a(shell_ops.c.obj)
                0x00000000000090a4                shell_op_delete_from_cursor
 .text.shell_cmd_line_erase
                0x00000000000090b8       0x34 zephyr/libzephyr.a(shell_ops.c.obj)
                0x00000000000090b8                shell_cmd_line_erase
 .text.shell_write
                0x00000000000090ec       0x6a zephyr/libzephyr.a(shell_ops.c.obj)
                0x00000000000090ec                shell_write
 .text.shell_print_stream
                0x0000000000009156        0x4 zephyr/libzephyr.a(shell_ops.c.obj)
                0x0000000000009156                shell_print_stream
 .text.shell_internal_vfprintf
                0x000000000000915a       0x50 zephyr/libzephyr.a(shell_ops.c.obj)
                0x000000000000915a                shell_internal_vfprintf
 .text.shell_internal_fprintf
                0x00000000000091aa       0x1a zephyr/libzephyr.a(shell_ops.c.obj)
                0x00000000000091aa                shell_internal_fprintf
 .text.data_insert
                0x00000000000091c4       0x64 zephyr/libzephyr.a(shell_ops.c.obj)
 .text.shell_op_completion_insert
                0x0000000000009228        0x4 zephyr/libzephyr.a(shell_ops.c.obj)
                0x0000000000009228                shell_op_completion_insert
 .text.shell_op_char_delete
                0x000000000000922c       0x36 zephyr/libzephyr.a(shell_ops.c.obj)
                0x000000000000922c                shell_op_char_delete
 .text.shell_op_char_backspace
                0x0000000000009262       0x22 zephyr/libzephyr.a(shell_ops.c.obj)
                0x0000000000009262                shell_op_char_backspace
 .text.z_impl_uart_irq_tx_disable
                0x0000000000009284        0xa zephyr/libzephyr.a(shell_uart.c.obj)
 .text.uninit   0x000000000000928e        0x4 zephyr/libzephyr.a(shell_uart.c.obj)
 .text.read     0x0000000000009292       0x12 zephyr/libzephyr.a(shell_uart.c.obj)
 .text.write    0x00000000000092a4       0x64 zephyr/libzephyr.a(shell_uart.c.obj)
 .text.enable   0x0000000000009308       0x14 zephyr/libzephyr.a(shell_uart.c.obj)
 .text.shell_raw_fprintf
                0x000000000000931c       0x1a zephyr/libzephyr.a(shell_help.c.obj)
 .text.cmd_bacskpace_mode_backspace
                0x0000000000009336       0x12 zephyr/libzephyr.a(shell_cmds.c.obj)
 .text.cmd_bacskpace_mode_delete
                0x0000000000009348       0x12 zephyr/libzephyr.a(shell_cmds.c.obj)
 .text.cmd_colors_off
                0x000000000000935a       0x12 zephyr/libzephyr.a(shell_cmds.c.obj)
 .text.cmd_colors_on
                0x000000000000936c       0x12 zephyr/libzephyr.a(shell_cmds.c.obj)
 .text.cmd_echo_off
                0x000000000000937e       0x12 zephyr/libzephyr.a(shell_cmds.c.obj)
 .text.cmd_echo_on
                0x0000000000009390       0x12 zephyr/libzephyr.a(shell_cmds.c.obj)
 .text.cmd_shell_stats_reset
                0x00000000000093a2        0x8 zephyr/libzephyr.a(shell_cmds.c.obj)
 .text.shell_raw_fprintf
                0x00000000000093aa       0x1a zephyr/libzephyr.a(shell_cmds.c.obj)
 .text.remove_from_tail.part.0
                0x00000000000093c4       0x24 zephyr/libzephyr.a(shell_history.c.obj)
 .text.shell_history_mode_exit
                0x00000000000093e8        0x6 zephyr/libzephyr.a(shell_history.c.obj)
                0x00000000000093e8                shell_history_mode_exit
 .text.shell_history_get
                0x00000000000093ee       0x56 zephyr/libzephyr.a(shell_history.c.obj)
                0x00000000000093ee                shell_history_get
 .text.shell_history_purge
                0x0000000000009444       0x18 zephyr/libzephyr.a(shell_history.c.obj)
                0x0000000000009444                shell_history_purge
 .text.shell_history_put
                0x000000000000945c       0xda zephyr/libzephyr.a(shell_history.c.obj)
                0x000000000000945c                shell_history_put
 .text.shell_history_init
                0x0000000000009536        0xc zephyr/libzephyr.a(shell_history.c.obj)
                0x0000000000009536                shell_history_init
 .text.msg_from_fifo.isra.0
                0x0000000000009542       0x1a zephyr/libzephyr.a(shell_log_backend.c.obj)
 .text.dropped  0x000000000000955c       0x2a zephyr/libzephyr.a(shell_log_backend.c.obj)
 .text.put      0x0000000000009586      0x10e zephyr/libzephyr.a(shell_log_backend.c.obj)
 .text.shell_log_backend_output_func
                0x0000000000009694       0x14 zephyr/libzephyr.a(shell_log_backend.c.obj)
                0x0000000000009694                shell_log_backend_output_func
 .text.shell_log_backend_enable
                0x00000000000096a8       0x1e zephyr/libzephyr.a(shell_log_backend.c.obj)
                0x00000000000096a8                shell_log_backend_enable
 .text.shell_log_backend_disable
                0x00000000000096c6       0x20 zephyr/libzephyr.a(shell_log_backend.c.obj)
                0x00000000000096c6                shell_log_backend_disable
 .text.shell_log_backend_process
                0x00000000000096e6       0x7e zephyr/libzephyr.a(shell_log_backend.c.obj)
                0x00000000000096e6                shell_log_backend_process
 .text.panic    0x0000000000009764       0x52 zephyr/libzephyr.a(shell_log_backend.c.obj)
 .text.shell_wildcard_character_exist
                0x00000000000097b6       0x28 zephyr/libzephyr.a(shell_wildcard.c.obj)
                0x00000000000097b6                shell_wildcard_character_exist
 .text.shell_wildcard_prepare
                0x00000000000097de       0x48 zephyr/libzephyr.a(shell_wildcard.c.obj)
                0x00000000000097de                shell_wildcard_prepare
 .text.shell_wildcard_finalize
                0x0000000000009826       0x1a zephyr/libzephyr.a(shell_wildcard.c.obj)
                0x0000000000009826                shell_wildcard_finalize
 .text.get_status
                0x0000000000009840       0x1c zephyr/libzephyr.a(nrf_power_clock.c.obj)
 .text.clock_stop
                0x000000000000985c       0x52 zephyr/libzephyr.a(nrf_power_clock.c.obj)
 .text.clock_async_start
                0x00000000000098ae       0xc8 zephyr/libzephyr.a(nrf_power_clock.c.obj)
 .text.clock_start
                0x0000000000009976        0x6 zephyr/libzephyr.a(nrf_power_clock.c.obj)
 .text.clk_init
                0x000000000000997c       0x34 zephyr/libzephyr.a(nrf_power_clock.c.obj)
 .text.z_clock_isr
                0x00000000000099b0        0x2 zephyr/libzephyr.a(sys_clock_init.c.obj)
                0x00000000000099b0                z_clock_isr
 .text.z_clock_idle_exit
                0x00000000000099b2        0x2 zephyr/libzephyr.a(sys_clock_init.c.obj)
                0x00000000000099b2                z_clock_idle_exit
 .text.abort_function
                0x00000000000099b4        0x2 zephyr/libzephyr.a(nrf_cc310_platform_abort_zephyr.c.obj)
 .text.z_irq_spurious
                0x00000000000099b6        0x8 zephyr/arch/arch/arm/core/aarch32/libarch__arm__core__aarch32.a(irq_manage.c.obj)
                0x00000000000099b6                z_irq_spurious
 .text.z_do_kernel_oops
                0x00000000000099be        0x8 zephyr/arch/arch/arm/core/aarch32/libarch__arm__core__aarch32.a(fatal.c.obj)
                0x00000000000099be                z_do_kernel_oops
 .text.z_arm_nmi
                0x00000000000099c6        0xe zephyr/arch/arch/arm/core/aarch32/libarch__arm__core__aarch32.a(nmi.c.obj)
                0x00000000000099c6                z_arm_nmi
 .text.mpu_configure_region
                0x00000000000099d4       0x42 zephyr/arch/arch/arm/core/aarch32/cortex_m/mpu/libarch__arm__core__aarch32__cortex_m__mpu.a(arm_mpu.c.obj)
 .text.arm_cmse_mpu_region_get
                0x0000000000009a16       0x12 zephyr/arch/arch/arm/core/aarch32/cortex_m/cmse/libarch__arm__core__aarch32__cortex_m__cmse.a(arm_core_cmse.c.obj)
                0x0000000000009a16                arm_cmse_mpu_region_get
 .text.strtol   0x0000000000009a28       0xec zephyr/lib/libc/minimal/liblib__libc__minimal.a(strtol.c.obj)
                0x0000000000009a28                strtol
 .text.strstr   0x0000000000009b14       0x40 zephyr/lib/libc/minimal/liblib__libc__minimal.a(strstr.c.obj)
                0x0000000000009b14                strstr
 .text.strcpy   0x0000000000009b54       0x14 zephyr/lib/libc/minimal/liblib__libc__minimal.a(string.c.obj)
                0x0000000000009b54                strcpy
 .text.strncpy  0x0000000000009b68       0x26 zephyr/lib/libc/minimal/liblib__libc__minimal.a(string.c.obj)
                0x0000000000009b68                strncpy
 .text.strchr   0x0000000000009b8e       0x1c zephyr/lib/libc/minimal/liblib__libc__minimal.a(string.c.obj)
                0x0000000000009b8e                strchr
 .text.strlen   0x0000000000009baa        0xe zephyr/lib/libc/minimal/liblib__libc__minimal.a(string.c.obj)
                0x0000000000009baa                strlen
 .text.strcmp   0x0000000000009bb8       0x18 zephyr/lib/libc/minimal/liblib__libc__minimal.a(string.c.obj)
                0x0000000000009bb8                strcmp
 .text.strncmp  0x0000000000009bd0       0x1e zephyr/lib/libc/minimal/liblib__libc__minimal.a(string.c.obj)
                0x0000000000009bd0                strncmp
 .text.memcmp   0x0000000000009bee       0x20 zephyr/lib/libc/minimal/liblib__libc__minimal.a(string.c.obj)
                0x0000000000009bee                memcmp
 .text.memmove  0x0000000000009c0e       0x2e zephyr/lib/libc/minimal/liblib__libc__minimal.a(string.c.obj)
                0x0000000000009c0e                memmove
 .text.memcpy   0x0000000000009c3c       0x56 zephyr/lib/libc/minimal/liblib__libc__minimal.a(string.c.obj)
                0x0000000000009c3c                memcpy
 .text.memset   0x0000000000009c92       0x46 zephyr/lib/libc/minimal/liblib__libc__minimal.a(string.c.obj)
                0x0000000000009c92                memset
 .text._to_x    0x0000000000009cd8       0x48 zephyr/lib/libc/minimal/liblib__libc__minimal.a(prf.c.obj)
 .text._rlrshift
                0x0000000000009d20       0x22 zephyr/lib/libc/minimal/liblib__libc__minimal.a(prf.c.obj)
 .text._ldiv5   0x0000000000009d42       0x50 zephyr/lib/libc/minimal/liblib__libc__minimal.a(prf.c.obj)
 .text._get_digit
                0x0000000000009d92       0x2e zephyr/lib/libc/minimal/liblib__libc__minimal.a(prf.c.obj)
 .text._stdout_hook_default
                0x0000000000009dc0        0x6 zephyr/lib/libc/minimal/liblib__libc__minimal.a(stdout_console.c.obj)
 .text.sprintf_out
                0x0000000000009dc6       0x1a zephyr/lib/libc/minimal/liblib__libc__minimal.a(sprintf.c.obj)
 .text.gpio_nrfx_port_get_raw
                0x0000000000009de0        0xc zephyr/drivers/gpio/libdrivers__gpio.a(gpio_nrfx.c.obj)
 .text.gpio_nrfx_port_set_masked_raw
                0x0000000000009dec       0x12 zephyr/drivers/gpio/libdrivers__gpio.a(gpio_nrfx.c.obj)
 .text.gpio_nrfx_port_set_bits_raw
                0x0000000000009dfe        0xa zephyr/drivers/gpio/libdrivers__gpio.a(gpio_nrfx.c.obj)
 .text.gpio_nrfx_port_clear_bits_raw
                0x0000000000009e08        0xa zephyr/drivers/gpio/libdrivers__gpio.a(gpio_nrfx.c.obj)
 .text.gpio_nrfx_port_toggle_bits
                0x0000000000009e12        0xe zephyr/drivers/gpio/libdrivers__gpio.a(gpio_nrfx.c.obj)
 .text.gpio_nrfx_manage_callback
                0x0000000000009e20       0x56 zephyr/drivers/gpio/libdrivers__gpio.a(gpio_nrfx.c.obj)
 .text.gpio_nrfx_pin_disable_callback
                0x0000000000009e76       0x18 zephyr/drivers/gpio/libdrivers__gpio.a(gpio_nrfx.c.obj)
 .text.gpio_nrfx_pin_enable_callback
                0x0000000000009e8e       0x16 zephyr/drivers/gpio/libdrivers__gpio.a(gpio_nrfx.c.obj)
 .text.uarte_nrfx_isr_int
                0x0000000000009ea4       0x3a zephyr/drivers/serial/libdrivers__serial.a(uart_nrfx_uarte.c.obj)
 .text.uarte_nrfx_config_get
                0x0000000000009ede       0x10 zephyr/drivers/serial/libdrivers__serial.a(uart_nrfx_uarte.c.obj)
 .text.uarte_nrfx_err_check
                0x0000000000009eee        0xe zephyr/drivers/serial/libdrivers__serial.a(uart_nrfx_uarte.c.obj)
 .text.uarte_nrfx_poll_in
                0x0000000000009efc       0x22 zephyr/drivers/serial/libdrivers__serial.a(uart_nrfx_uarte.c.obj)
 .text.uarte_nrfx_fifo_fill
                0x0000000000009f1e       0x3e zephyr/drivers/serial/libdrivers__serial.a(uart_nrfx_uarte.c.obj)
 .text.uarte_nrfx_fifo_read
                0x0000000000009f5c       0x1e zephyr/drivers/serial/libdrivers__serial.a(uart_nrfx_uarte.c.obj)
 .text.uarte_nrfx_irq_tx_enable
                0x0000000000009f7a       0x16 zephyr/drivers/serial/libdrivers__serial.a(uart_nrfx_uarte.c.obj)
 .text.uarte_nrfx_irq_tx_disable
                0x0000000000009f90        0xa zephyr/drivers/serial/libdrivers__serial.a(uart_nrfx_uarte.c.obj)
 .text.uarte_nrfx_irq_tx_ready_complete
                0x0000000000009f9a       0x20 zephyr/drivers/serial/libdrivers__serial.a(uart_nrfx_uarte.c.obj)
 .text.uarte_nrfx_irq_rx_ready
                0x0000000000009fba       0x10 zephyr/drivers/serial/libdrivers__serial.a(uart_nrfx_uarte.c.obj)
 .text.uarte_nrfx_irq_rx_enable
                0x0000000000009fca        0xc zephyr/drivers/serial/libdrivers__serial.a(uart_nrfx_uarte.c.obj)
 .text.uarte_nrfx_irq_rx_disable
                0x0000000000009fd6        0xc zephyr/drivers/serial/libdrivers__serial.a(uart_nrfx_uarte.c.obj)
 .text.uarte_nrfx_irq_err_enable
                0x0000000000009fe2        0xe zephyr/drivers/serial/libdrivers__serial.a(uart_nrfx_uarte.c.obj)
 .text.uarte_nrfx_irq_err_disable
                0x0000000000009ff0        0xe zephyr/drivers/serial/libdrivers__serial.a(uart_nrfx_uarte.c.obj)
 .text.uarte_nrfx_irq_update
                0x0000000000009ffe        0x4 zephyr/drivers/serial/libdrivers__serial.a(uart_nrfx_uarte.c.obj)
 .text.uarte_nrfx_irq_callback_set
                0x000000000000a002        0xa zephyr/drivers/serial/libdrivers__serial.a(uart_nrfx_uarte.c.obj)
 .text.uarte_nrfx_irq_is_pending
                0x000000000000a00c       0x36 zephyr/drivers/serial/libdrivers__serial.a(uart_nrfx_uarte.c.obj)
 .text.uarte_nrfx_poll_out
                0x000000000000a042       0x7e zephyr/drivers/serial/libdrivers__serial.a(uart_nrfx_uarte.c.obj)
 .text.hw_cc310_init
                0x000000000000a0c0       0x12 modules/nrf/drivers/hw_cc310/lib..__nrf__drivers__hw_cc310.a(hw_cc310.c.obj)
 .text.nrfx_busy_wait
                0x000000000000a0d2        0x4 modules/nordic/lib..__modules__hal__nordic.a(nrfx_glue.c.obj)
                0x000000000000a0d2                nrfx_busy_wait
 .text.z_sys_power_save_idle_exit
                0x000000000000a0d6        0x4 zephyr/kernel/libkernel.a(idle.c.obj)
                0x000000000000a0d6                z_sys_power_save_idle_exit
 .text.k_mem_slab_init
                0x000000000000a0da       0x36 zephyr/kernel/libkernel.a(mem_slab.c.obj)
                0x000000000000a0da                k_mem_slab_init
 .text.z_impl_k_msgq_peek
                0x000000000000a110       0x34 zephyr/kernel/libkernel.a(msg_q.c.obj)
                0x000000000000a110                z_impl_k_msgq_peek
 .text.z_impl_k_mutex_init
                0x000000000000a144        0xe zephyr/kernel/libkernel.a(mutex.c.obj)
                0x000000000000a144                z_impl_k_mutex_init
 .text.z_is_t1_higher_prio_than_t2
                0x000000000000a152       0x12 zephyr/kernel/libkernel.a(sched.c.obj)
                0x000000000000a152                z_is_t1_higher_prio_than_t2
 .text.z_find_first_thread_to_unpend
                0x000000000000a164       0x20 zephyr/kernel/libkernel.a(sched.c.obj)
                0x000000000000a164                z_find_first_thread_to_unpend
 .text.z_unpend_thread_no_timeout
                0x000000000000a184       0x32 zephyr/kernel/libkernel.a(sched.c.obj)
                0x000000000000a184                z_unpend_thread_no_timeout
 .text.z_reschedule
                0x000000000000a1b6       0x16 zephyr/kernel/libkernel.a(sched.c.obj)
                0x000000000000a1b6                z_reschedule
 .text.z_reschedule_irqlock
                0x000000000000a1cc       0x18 zephyr/kernel/libkernel.a(sched.c.obj)
                0x000000000000a1cc                z_reschedule_irqlock
 .text.z_reschedule_unlocked
                0x000000000000a1e4       0x14 zephyr/kernel/libkernel.a(sched.c.obj)
 .text.z_unpend_thread
                0x000000000000a1f8       0x3a zephyr/kernel/libkernel.a(sched.c.obj)
                0x000000000000a1f8                z_unpend_thread
 .text.z_priq_dumb_best
                0x000000000000a232       0x14 zephyr/kernel/libkernel.a(sched.c.obj)
                0x000000000000a232                z_priq_dumb_best
 .text.z_ready_thread
                0x000000000000a246       0x20 zephyr/kernel/libkernel.a(sched.c.obj)
                0x000000000000a246                z_ready_thread
 .text.z_thread_timeout
                0x000000000000a266       0x56 zephyr/kernel/libkernel.a(sched.c.obj)
                0x000000000000a266                z_thread_timeout
 .text.z_remove_thread_from_ready_q
                0x000000000000a2bc       0x20 zephyr/kernel/libkernel.a(sched.c.obj)
                0x000000000000a2bc                z_remove_thread_from_ready_q
 .text.add_to_waitq_locked
                0x000000000000a2dc       0x56 zephyr/kernel/libkernel.a(sched.c.obj)
 .text.z_unpend_first_thread
                0x000000000000a332       0x5a zephyr/kernel/libkernel.a(sched.c.obj)
                0x000000000000a332                z_unpend_first_thread
 .text.k_is_in_isr
                0x000000000000a38c        0xc zephyr/kernel/libkernel.a(thread.c.obj)
                0x000000000000a38c                k_is_in_isr
 .text.z_impl_k_busy_wait
                0x000000000000a398        0x4 zephyr/kernel/libkernel.a(thread.c.obj)
                0x000000000000a398                z_impl_k_busy_wait
 .text.k_thread_name_get
                0x000000000000a39c        0x4 zephyr/kernel/libkernel.a(thread.c.obj)
                0x000000000000a39c                k_thread_name_get
 .text.z_impl_k_thread_stack_space_get
                0x000000000000a3a0       0x1c zephyr/kernel/libkernel.a(thread.c.obj)
                0x000000000000a3a0                z_impl_k_thread_stack_space_get
 .text.z_abort_timeout
                0x000000000000a3bc       0x2c zephyr/kernel/libkernel.a(timeout.c.obj)
                0x000000000000a3bc                z_abort_timeout
 .text.z_get_next_timeout_expiry
                0x000000000000a3e8       0x20 zephyr/kernel/libkernel.a(timeout.c.obj)
                0x000000000000a3e8                z_get_next_timeout_expiry
 .text.z_set_timeout_expiry
                0x000000000000a408       0x34 zephyr/kernel/libkernel.a(timeout.c.obj)
                0x000000000000a408                z_set_timeout_expiry
 .text.z_tick_get_32
                0x000000000000a43c        0x8 zephyr/kernel/libkernel.a(timeout.c.obj)
                0x000000000000a43c                z_tick_get_32
 .text.z_impl_k_uptime_ticks
                0x000000000000a444        0x4 zephyr/kernel/libkernel.a(timeout.c.obj)
                0x000000000000a444                z_impl_k_uptime_ticks
 .text.k_timer_init
                0x000000000000a448       0x18 zephyr/kernel/libkernel.a(timer.c.obj)
                0x000000000000a448                k_timer_init
 .text.z_impl_k_timer_stop
                0x000000000000a460       0x44 zephyr/kernel/libkernel.a(timer.c.obj)
                0x000000000000a460                z_impl_k_timer_stop
 .text.clear_event_registrations
                0x000000000000a4a4       0x56 zephyr/kernel/libkernel.a(poll.c.obj)
 .text.signal_poll_event
                0x000000000000a4fa       0x36 zephyr/kernel/libkernel.a(poll.c.obj)
 .text.k_poll_poller_cb
                0x000000000000a530       0x46 zephyr/kernel/libkernel.a(poll.c.obj)
 .text.add_event
                0x000000000000a576       0x62 zephyr/kernel/libkernel.a(poll.c.obj)
 .text.register_events
                0x000000000000a5d8       0xc2 zephyr/kernel/libkernel.a(poll.c.obj)
 .text.k_poll_event_init
                0x000000000000a69a       0x1e zephyr/kernel/libkernel.a(poll.c.obj)
                0x000000000000a69a                k_poll_event_init
 .text.z_handle_obj_poll_events
                0x000000000000a6b8       0x1c zephyr/kernel/libkernel.a(poll.c.obj)
                0x000000000000a6b8                z_handle_obj_poll_events
 .text.z_impl_k_poll_signal_init
                0x000000000000a6d4        0xa zephyr/kernel/libkernel.a(poll.c.obj)
                0x000000000000a6d4                z_impl_k_poll_signal_init
 .text.z_impl_k_poll_signal_check
                0x000000000000a6de        0xa zephyr/kernel/libkernel.a(poll.c.obj)
                0x000000000000a6de                z_impl_k_poll_signal_check
 .text.k_heap_init
                0x000000000000a6e8       0x10 zephyr/kernel/libkernel.a(kheap.c.obj)
                0x000000000000a6e8                k_heap_init
 .text._OffsetAbsSyms
                0x000000000000a6f8        0x2 zephyr/CMakeFiles/offsets.dir/./arch/arm/core/offsets/offsets.c.obj
                0x000000000000a6f8                _OffsetAbsSyms
 *(SORT_BY_ALIGNMENT(.gnu.linkonce.t.*))
 *(SORT_BY_ALIGNMENT(.glue_7t))
 .glue_7t       0x000000000000a6fa        0x0 linker stubs
 *(SORT_BY_ALIGNMENT(.glue_7))
 .glue_7        0x000000000000a6fa        0x0 linker stubs
 *(SORT_BY_ALIGNMENT(.vfp11_veneer))
 .vfp11_veneer  0x000000000000a6fa        0x0 linker stubs
 *(SORT_BY_ALIGNMENT(.v4_bx))
 .v4_bx         0x000000000000a6fa        0x0 linker stubs
                0x000000000000a6fa                _image_text_end = .

.ARM.exidx      0x000000000000a6fc        0x8
                0x000000000000a6fc                __exidx_start = .
 *(SORT_BY_ALIGNMENT(.ARM.exidx*) SORT_BY_ALIGNMENT(gnu.linkonce.armexidx.*))
 .ARM.exidx     0x000000000000a6fc        0x8 /home/nejc/gnuarmemb/bin/../lib/gcc/arm-none-eabi/9.2.1/thumb/v8-m.main/nofp/libgcc.a(_udivmoddi4.o)
                0x000000000000a704                __exidx_end = .
                0x000000000000a704                _image_rodata_start = .

initlevel       0x000000000000a704       0x68
                0x000000000000a704                __init_start = .
                0x000000000000a704                __init_PRE_KERNEL_1_start = .
 *(SORT_BY_NAME(SORT_BY_ALIGNMENT(.init_PRE_KERNEL_1[0-9])))
 .init_PRE_KERNEL_10
                0x000000000000a704        0x8 zephyr/libzephyr.a(soc.c.obj)
 *(SORT_BY_NAME(SORT_BY_ALIGNMENT(.init_PRE_KERNEL_1[1-9][0-9])))
 .init_PRE_KERNEL_130
                0x000000000000a70c        0x8 zephyr/kernel/libkernel.a(mem_slab.c.obj)
 .init_PRE_KERNEL_130
                0x000000000000a714        0x8 zephyr/kernel/libkernel.a(kheap.c.obj)
 .init_PRE_KERNEL_140
                0x000000000000a71c        0x8 zephyr/arch/arch/arm/core/aarch32/cortex_m/mpu/libarch__arm__core__aarch32__cortex_m__mpu.a(arm_mpu.c.obj)
 .init_PRE_KERNEL_150
                0x000000000000a724        0x8 zephyr/libzephyr.a(nrf_power_clock.c.obj)
 .init_PRE_KERNEL_150
                0x000000000000a72c       0x10 zephyr/drivers/serial/libdrivers__serial.a(uart_nrfx_uarte.c.obj)
                0x000000000000a73c                __init_PRE_KERNEL_2_start = .
 *(SORT_BY_NAME(SORT_BY_ALIGNMENT(.init_PRE_KERNEL_2[0-9])))
 .init_PRE_KERNEL_20
                0x000000000000a73c        0x8 zephyr/libzephyr.a(sys_clock_init.c.obj)
 *(SORT_BY_NAME(SORT_BY_ALIGNMENT(.init_PRE_KERNEL_2[1-9][0-9])))
                0x000000000000a744                __init_POST_KERNEL_start = .
 *(SORT_BY_NAME(SORT_BY_ALIGNMENT(.init_POST_KERNEL[0-9])))
 .init_POST_KERNEL0
                0x000000000000a744        0x8 zephyr/libzephyr.a(log_core.c.obj)
 .init_POST_KERNEL0
                0x000000000000a74c        0x8 zephyr/libzephyr.a(shell_uart.c.obj)
 *(SORT_BY_NAME(SORT_BY_ALIGNMENT(.init_POST_KERNEL[1-9][0-9])))
 .init_POST_KERNEL40
                0x000000000000a754        0x8 zephyr/drivers/gpio/libdrivers__gpio.a(gpio_nrfx.c.obj)
 .init_POST_KERNEL40
                0x000000000000a75c        0x8 modules/nrf/drivers/hw_cc310/lib..__nrf__drivers__hw_cc310.a(hw_cc310.c.obj)
 .init_POST_KERNEL60
                0x000000000000a764        0x8 zephyr/libzephyr.a(uart_console.c.obj)
                0x000000000000a76c                __init_APPLICATION_start = .
 *(SORT_BY_NAME(SORT_BY_ALIGNMENT(.init_APPLICATION[0-9])))
 *(SORT_BY_NAME(SORT_BY_ALIGNMENT(.init_APPLICATION[1-9][0-9])))
                0x000000000000a76c                __init_SMP_start = .
 *(SORT_BY_NAME(SORT_BY_ALIGNMENT(.init_SMP[0-9])))
 *(SORT_BY_NAME(SORT_BY_ALIGNMENT(.init_SMP[1-9][0-9])))
                0x000000000000a76c                __init_end = .

sw_isr_table    0x000000000000a76c      0x208
                0x000000000000a76c                . = ALIGN (0x0)
 *(SORT_BY_ALIGNMENT(.gnu.linkonce.sw_isr_table))
 .gnu.linkonce.sw_isr_table
                0x000000000000a76c      0x208 zephyr/CMakeFiles/zephyr_final.dir/isr_tables.c.obj
                0x000000000000a76c                _sw_isr_table

initlevel_error
                0x000000000000a704        0x0
 *(SORT_BY_NAME(SORT_BY_ALIGNMENT(.init_[_A-Z0-9]*)))
                0x0000000000000001                ASSERT ((SIZEOF (initlevel_error) == 0x0), Undefined initialization levels used.)

app_shmem_regions
                0x000000000000a974        0x0
                0x000000000000a974                __app_shmem_regions_start = .
 *(SORT_BY_NAME(SORT_BY_ALIGNMENT(.app_regions.*)))
                0x000000000000a974                __app_shmem_regions_end = .

net_l2          0x000000000000a974        0x0
                0x000000000000a974                __net_l2_start = .
 *(SORT_BY_ALIGNMENT(.net_l2.init))
 *(SORT_BY_NAME(SORT_BY_ALIGNMENT(.net_l2.init*)))
                0x000000000000a974                __net_l2_end = .

_bt_channels_area
                0x000000000000a974        0x0
                0x000000000000a974                _bt_l2cap_fixed_chan_list_start = .
 *(SORT_BY_NAME(SORT_BY_ALIGNMENT(._bt_l2cap_fixed_chan.static.*)))
                0x000000000000a974                _bt_l2cap_fixed_chan_list_end = .

_bt_services_area
                0x000000000000a974        0x0
                0x000000000000a974                _bt_gatt_service_static_list_start = .
 *(SORT_BY_NAME(SORT_BY_ALIGNMENT(._bt_gatt_service_static.static.*)))
                0x000000000000a974                _bt_gatt_service_static_list_end = .

log_const_sections
                0x000000000000a974       0x60
                0x000000000000a974                __log_const_start = .
 *(SORT_BY_NAME(SORT_BY_ALIGNMENT(.log_const_*)))
 .log_const_app
                0x000000000000a974        0x8 app/libapp.a(main.c.obj)
                0x000000000000a974                log_const_app
 .log_const_app_test
                0x000000000000a97c        0x8 app/libapp.a(test_module.c.obj)
                0x000000000000a97c                log_const_app_test
 .log_const_clock_control
                0x000000000000a984        0x8 zephyr/libzephyr.a(nrf_power_clock.c.obj)
                0x000000000000a984                log_const_clock_control
 .log_const_fatal_error
                0x000000000000a98c        0x8 modules/nrf/lib/fatal_error/lib..__nrf__lib__fatal_error.a(fatal_error.c.obj)
                0x000000000000a98c                log_const_fatal_error
 .log_const_log
                0x000000000000a994        0x8 zephyr/libzephyr.a(log_core.c.obj)
                0x000000000000a994                log_const_log
 .log_const_mpu
                0x000000000000a99c        0x8 zephyr/arch/arch/arm/core/aarch32/cortex_m/mpu/libarch__arm__core__aarch32__cortex_m__mpu.a(arm_core_mpu.c.obj)
                0x000000000000a99c                log_const_mpu
 .log_const_os  0x000000000000a9a4        0x8 zephyr/kernel/libkernel.a(init.c.obj)
                0x000000000000a9a4                log_const_os
 .log_const_power
                0x000000000000a9ac        0x8 zephyr/libzephyr.a(power.c.obj)
                0x000000000000a9ac                log_const_power
 .log_const_shell_shell_uart
                0x000000000000a9b4        0x8 zephyr/libzephyr.a(shell_uart.c.obj)
                0x000000000000a9b4                log_const_shell_shell_uart
 .log_const_shell_uart
                0x000000000000a9bc        0x8 zephyr/libzephyr.a(shell_uart.c.obj)
                0x000000000000a9bc                log_const_shell_uart
 .log_const_soc
                0x000000000000a9c4        0x8 zephyr/libzephyr.a(soc.c.obj)
                0x000000000000a9c4                log_const_soc
 .log_const_uart_nrfx_uarte
                0x000000000000a9cc        0x8 zephyr/drivers/serial/libdrivers__serial.a(uart_nrfx_uarte.c.obj)
                0x000000000000a9cc                log_const_uart_nrfx_uarte
                0x000000000000a9d4                __log_const_end = .

log_backends_sections
                0x000000000000a9d4       0x10
                0x000000000000a9d4                __log_backends_start = .
 *(SORT_BY_ALIGNMENT(._log_backend.*))
 ._log_backend.static.shell_uart_backend
                0x000000000000a9d4       0x10 zephyr/libzephyr.a(shell_uart.c.obj)
                0x000000000000a9e4                __log_backends_end = .

shell_sections  0x000000000000a9e4       0x30
                0x000000000000a9e4                _shell_list_start = .
 *(SORT_BY_NAME(SORT_BY_ALIGNMENT(._shell.static.*)))
 ._shell.static.shell_uart
                0x000000000000a9e4       0x30 zephyr/libzephyr.a(shell_uart.c.obj)
                0x000000000000aa14                _shell_list_end = .

shell_root_cmds_sections
                0x000000000000aa14       0x90
                0x000000000000aa14                __shell_root_cmds_start = .
 *(SORT_BY_NAME(SORT_BY_ALIGNMENT(.shell_root_cmd_*)))
 .shell_root_cmd_adc
                0x000000000000aa14        0x8 app/libapp.a(main.c.obj)
 .shell_root_cmd_clear
                0x000000000000aa1c        0x8 zephyr/libzephyr.a(shell_cmds.c.obj)
 .shell_root_cmd_date
                0x000000000000aa24        0x8 zephyr/libzephyr.a(date_service.c.obj)
 .shell_root_cmd_demo
                0x000000000000aa2c        0x8 app/libapp.a(main.c.obj)
 .shell_root_cmd_device
                0x000000000000aa34        0x8 zephyr/libzephyr.a(device_service.c.obj)
 .shell_root_cmd_dynamic
                0x000000000000aa3c        0x8 app/libapp.a(dynamic_cmd.c.obj)
 .shell_root_cmd_help
                0x000000000000aa44        0x8 zephyr/libzephyr.a(shell_cmds.c.obj)
 .shell_root_cmd_history
                0x000000000000aa4c        0x8 zephyr/libzephyr.a(shell_cmds.c.obj)
 .shell_root_cmd_jtag
                0x000000000000aa54        0x8 app/libapp.a(main.c.obj)
 .shell_root_cmd_kernel
                0x000000000000aa5c        0x8 zephyr/libzephyr.a(kernel_service.c.obj)
 .shell_root_cmd_led
                0x000000000000aa64        0x8 app/libapp.a(main.c.obj)
 .shell_root_cmd_log
                0x000000000000aa6c        0x8 zephyr/libzephyr.a(log_cmds.c.obj)
 .shell_root_cmd_log_test
                0x000000000000aa74        0x8 app/libapp.a(main.c.obj)
 .shell_root_cmd_power
                0x000000000000aa7c        0x8 app/libapp.a(main.c.obj)
 .shell_root_cmd_reset
                0x000000000000aa84        0x8 app/libapp.a(main.c.obj)
 .shell_root_cmd_resize
                0x000000000000aa8c        0x8 zephyr/libzephyr.a(shell_cmds.c.obj)
 .shell_root_cmd_shell
                0x000000000000aa94        0x8 zephyr/libzephyr.a(shell_cmds.c.obj)
 .shell_root_cmd_version
                0x000000000000aa9c        0x8 app/libapp.a(main.c.obj)
                0x000000000000aaa4                __shell_root_cmds_end = .

font_entry_sections
                0x000000000000aaa4        0x0
                0x000000000000aaa4                __font_entry_start = .
 *(SORT_BY_NAME(SORT_BY_ALIGNMENT(._cfb_font.*)))
                0x000000000000aaa4                __font_entry_end = .

tracing_backends_sections
                0x000000000000aaa4        0x0
                0x000000000000aaa4                _tracing_backend_list_start = .
 *(SORT_BY_ALIGNMENT(._tracing_backend.*))
                0x000000000000aaa4                _tracing_backend_list_end = .

rodata          0x000000000000aab0     0x25e8
 *(SORT_BY_ALIGNMENT(.rodata))
 .rodata        0x000000000000aab0       0x20 zephyr/drivers/serial/libdrivers__serial.a(uart_nrfx_uarte.c.obj)
 *(SORT_BY_ALIGNMENT(.rodata.*))
 .rodata.delay_machine_code.8501
                0x000000000000aad0        0x6 zephyr/libzephyr.a(soc.c.obj)
 *fill*         0x000000000000aad6        0x2 
 .rodata._shell_adc
                0x000000000000aad8       0x14 app/libapp.a(main.c.obj)
 .rodata._shell_demo
                0x000000000000aaec       0x14 app/libapp.a(main.c.obj)
 .rodata._shell_jtag
                0x000000000000ab00       0x14 app/libapp.a(main.c.obj)
 .rodata._shell_led
                0x000000000000ab14       0x14 app/libapp.a(main.c.obj)
 .rodata._shell_log_test
                0x000000000000ab28       0x14 app/libapp.a(main.c.obj)
 .rodata._shell_power
                0x000000000000ab3c       0x14 app/libapp.a(main.c.obj)
 .rodata._shell_reset
                0x000000000000ab50       0x14 app/libapp.a(main.c.obj)
 .rodata._shell_version
                0x000000000000ab64       0x14 app/libapp.a(main.c.obj)
 .rodata.shell_sub_demo
                0x000000000000ab78       0x50 app/libapp.a(main.c.obj)
 .rodata.shell_sub_log_test
                0x000000000000abc8       0x3c app/libapp.a(main.c.obj)
 .rodata.shell_sub_log_test_start
                0x000000000000ac04       0x3c app/libapp.a(main.c.obj)
 .rodata.sub_demo
                0x000000000000ac40        0x8 app/libapp.a(main.c.obj)
 .rodata.sub_log_test
                0x000000000000ac48        0x8 app/libapp.a(main.c.obj)
 .rodata.sub_log_test_start
                0x000000000000ac50        0x8 app/libapp.a(main.c.obj)
 .rodata._shell_dynamic
                0x000000000000ac58       0x14 app/libapp.a(dynamic_cmd.c.obj)